// Vitest Snapshot v1, https://vitest.dev/guide/snapshot.html

exports[`Server status module tests > Test ServerStatus instantiation > ServerStatus1 1`] = `
<div>
  <div
    class="msg container fixedScrollbar serverStatusHost"
    style="flex-direction: column;"
  >
    <div
      class="msg container fixedScrollbar toolbar verticalCenterContent"
      id="serverStatusToolbar"
      style="flex-direction: row; align-items: center;"
    >
      <div
        class="expander"
      />
    </div>
    <div
      class="msg container fixedScrollbar serverStatus"
      style="flex-direction: column; justify-content: flex-start; align-items: center;"
    >
      <div
        class="msg grid"
        id="header"
        style="grid-template-columns: repeat(2, 1fr); row-gap: 15px; column-gap: 12px;"
      >
        <div
          class="msg container fixedScrollbar gridCell"
          style="flex-direction: row; grid-row: span 2;"
        >
          <div
            class="msg icon"
            id="mysqlLogo"
            style="mask-image: url("/src/assets/images/admin/mysql-logo.svg");"
          />
        </div>
        <div
          class="msg container fixedScrollbar gridCell"
          style="flex-direction: column;"
        >
          <h1>
            Server status
          </h1>
          <h2 />
        </div>
      </div>
      <div
        class="msg container fixedScrollbar"
        id="statusBoxHost"
        style="flex-direction: row; justify-content: space-evenly; align-items: flex-start; flex-wrap: wrap;"
      >
        <div
          class="msg grid"
          style="grid-template-columns: minmax(min-content,max-content) 1fr; row-gap: 3px; column-gap: 12px;"
        >
          <div
            class="msg container fixedScrollbar gridCell heading"
            style="flex-direction: column; grid-column: span 2;"
          >
            <label
              class="msg label"
              data-tooltip="expand"
            >
              Main Settings
            </label>
          </div>
          <div
            class="msg container fixedScrollbar gridCell"
            style="flex-direction: column; align-items: center; grid-column: span 2;"
          >
            <div
              class="msg divider horizontal"
              style="--thickness: 4px;"
            />
          </div>
          <div
            class="msg container fixedScrollbar gridCell left"
            style="flex-direction: row;"
          >
            Host:
          </div>
          <div
            class="msg container fixedScrollbar gridCell"
            data-testid="host"
            style="flex-direction: row;"
          >
            none
          </div>
          <div
            class="msg container fixedScrollbar gridCell left"
            style="flex-direction: row;"
          >
            Socket:
          </div>
          <div
            class="msg container fixedScrollbar gridCell"
            data-testid="socket"
            style="flex-direction: row;"
          >
            none
          </div>
          <div
            class="msg container fixedScrollbar gridCell left"
            style="flex-direction: row;"
          >
            Port:
          </div>
          <div
            class="msg container fixedScrollbar gridCell"
            data-testid="port"
            style="flex-direction: row;"
          >
            none
          </div>
          <div
            class="msg container fixedScrollbar gridCell left"
            style="flex-direction: row;"
          >
            Version:
          </div>
          <div
            class="msg container fixedScrollbar gridCell"
            data-testid="version"
            style="flex-direction: row;"
          >
            none
          </div>
          <div
            class="msg container fixedScrollbar gridCell left"
            style="flex-direction: row;"
          >
            Compiled For:
          </div>
          <div
            class="msg container fixedScrollbar gridCell"
            data-testid="compiledFor"
            style="flex-direction: row;"
          >
            none
          </div>
          <div
            class="msg container fixedScrollbar gridCell left"
            style="flex-direction: row;"
          >
            Configuration File:
          </div>
          <div
            class="msg container fixedScrollbar gridCell"
            data-testid="configFile"
            style="flex-direction: row;"
          >
            none
          </div>
          <div
            class="msg container fixedScrollbar gridCell left"
            style="flex-direction: row;"
          >
            Running Since:
          </div>
          <div
            class="msg container fixedScrollbar gridCell"
            data-testid="runningSince"
            style="flex-direction: row;"
          >
            none
          </div>
        </div>
        <div
          class="msg grid"
          style="grid-template-columns: minmax(min-content,max-content) 1fr; row-gap: 3px; column-gap: 12px;"
        >
          <div
            class="msg container fixedScrollbar gridCell heading"
            style="flex-direction: column; grid-column: span 2;"
          >
            <label
              class="msg label"
              data-tooltip="expand"
            >
              Server Directories
            </label>
          </div>
          <div
            class="msg container fixedScrollbar gridCell"
            style="flex-direction: column; align-items: center; grid-column: span 2;"
          >
            <div
              class="msg divider horizontal"
              style="--thickness: 4px;"
            />
          </div>
          <div
            class="msg container fixedScrollbar gridCell left"
            style="flex-direction: row;"
          >
            Base Directory:
          </div>
          <div
            class="msg container fixedScrollbar gridCell"
            data-testid="baseDir"
            style="flex-direction: row;"
          />
          <div
            class="msg container fixedScrollbar gridCell left"
            style="flex-direction: row;"
          >
            Data Directory:
          </div>
          <div
            class="msg container fixedScrollbar gridCell"
            data-testid="dataDir"
            style="flex-direction: row;"
          />
          <div
            class="msg container fixedScrollbar gridCell left"
            style="flex-direction: row;"
          >
            Plugins directory:
          </div>
          <div
            class="msg container fixedScrollbar gridCell"
            data-testid="pluginsDir"
            style="flex-direction: row;"
          />
          <div
            class="msg container fixedScrollbar gridCell left"
            style="flex-direction: row;"
          >
            Tmp Directory:
          </div>
          <div
            class="msg container fixedScrollbar gridCell"
            data-testid="tmpDir"
            style="flex-direction: row;"
          />
          <div
            class="msg container fixedScrollbar gridCell left"
            style="flex-direction: row;"
          >
            Error Log:
          </div>
          <div
            class="msg container fixedScrollbar gridCell"
            data-testid="errorLog"
            style="flex-direction: row;"
          >
            <label
              class="msg checkbox indeterminate disabled statusmark"
              tabindex="0"
            >
              <span
                class="checkMark"
              />
              none
            </label>
          </div>
          <div
            class="msg container fixedScrollbar gridCell left"
            style="flex-direction: row;"
          >
            General Log:
          </div>
          <div
            class="msg container fixedScrollbar gridCell"
            data-testid="generalLog"
            style="flex-direction: row;"
          >
            <label
              class="msg checkbox indeterminate disabled statusmark"
              tabindex="0"
            >
              <span
                class="checkMark"
              />
              none
            </label>
          </div>
          <div
            class="msg container fixedScrollbar gridCell left"
            style="flex-direction: row;"
          >
            Slow Query Log:
          </div>
          <div
            class="msg container fixedScrollbar gridCell"
            data-testid="slowQueryLog"
            style="flex-direction: row;"
          >
            <label
              class="msg checkbox indeterminate disabled statusmark"
              tabindex="0"
            >
              <span
                class="checkMark"
              />
              none
            </label>
          </div>
        </div>
        <div
          class="msg grid"
          style="grid-template-columns: minmax(min-content,max-content) 1fr; row-gap: 3px; column-gap: 12px;"
        >
          <div
            class="msg container fixedScrollbar gridCell heading"
            style="flex-direction: column; grid-column: span 2;"
          >
            <label
              class="msg label"
              data-tooltip="expand"
            >
              Server Features
            </label>
          </div>
          <div
            class="msg container fixedScrollbar gridCell"
            style="flex-direction: column; align-items: center; grid-column: span 2;"
          >
            <div
              class="msg divider horizontal"
              style="--thickness: 4px;"
            />
          </div>
          <div
            class="msg container fixedScrollbar gridCell left"
            style="flex-direction: row;"
          >
            Performance Schema:
          </div>
          <div
            class="msg container fixedScrollbar gridCell"
            data-testid="performanceSchema"
            style="flex-direction: row;"
          >
            <label
              class="msg checkbox indeterminate disabled statusmark"
              tabindex="0"
            >
              <span
                class="checkMark"
              />
              none
            </label>
          </div>
          <div
            class="msg container fixedScrollbar gridCell left"
            style="flex-direction: row;"
          >
            Thread Pool:
          </div>
          <div
            class="msg container fixedScrollbar gridCell"
            data-testid="threadPool"
            style="flex-direction: row;"
          >
            <label
              class="msg checkbox indeterminate disabled statusmark"
              tabindex="0"
            >
              <span
                class="checkMark"
              />
              none
            </label>
          </div>
          <div
            class="msg container fixedScrollbar gridCell left"
            style="flex-direction: row;"
          >
            Memcached Plugin:
          </div>
          <div
            class="msg container fixedScrollbar gridCell"
            data-testid="memCached"
            style="flex-direction: row;"
          >
            none
          </div>
          <div
            class="msg container fixedScrollbar gridCell left"
            style="flex-direction: row;"
          >
            Semisync Replication Plugin:
          </div>
          <div
            class="msg container fixedScrollbar gridCell"
            data-testid="semiSyncPlugin"
            style="flex-direction: row;"
          >
            none
          </div>
          <div
            class="msg container fixedScrollbar gridCell left"
            style="flex-direction: row;"
          >
            PAM Authentication:
          </div>
          <div
            class="msg container fixedScrollbar gridCell"
            data-testid="pamAuth"
            style="flex-direction: row;"
          >
            <label
              class="msg checkbox indeterminate disabled statusmark"
              tabindex="0"
            >
              <span
                class="checkMark"
              />
              none
            </label>
          </div>
          <div
            class="msg container fixedScrollbar gridCell left"
            style="flex-direction: row;"
          >
            Password Validation:
          </div>
          <div
            class="msg container fixedScrollbar gridCell"
            data-testid="passwordValidation"
            style="flex-direction: row;"
          >
            <label
              class="msg checkbox indeterminate disabled statusmark"
              tabindex="0"
            >
              <span
                class="checkMark"
              />
              none
            </label>
          </div>
          <div
            class="msg container fixedScrollbar gridCell left"
            style="flex-direction: row;"
          >
            Audit Log:
          </div>
          <div
            class="msg container fixedScrollbar gridCell"
            data-testid="auditLog"
            style="flex-direction: row;"
          >
            <label
              class="msg checkbox indeterminate disabled statusmark"
              tabindex="0"
            >
              <span
                class="checkMark"
              />
              none
            </label>
          </div>
          <div
            class="msg container fixedScrollbar gridCell left"
            style="flex-direction: row;"
          >
            Firewall:
          </div>
          <div
            class="msg container fixedScrollbar gridCell"
            data-testid="firewall"
            style="flex-direction: row;"
          >
            none
          </div>
          <div
            class="msg container fixedScrollbar gridCell left"
            style="flex-direction: row;"
          >
            Firewall Trace:
          </div>
          <div
            class="msg container fixedScrollbar gridCell"
            data-testid="firewallTrace"
            style="flex-direction: row;"
          >
            none
          </div>
        </div>
        <div
          class="msg grid"
          style="grid-template-columns: minmax(min-content,max-content) 1fr; row-gap: 3px; column-gap: 12px;"
        >
          <div
            class="msg container fixedScrollbar gridCell heading"
            style="flex-direction: column; grid-column: span 2;"
          >
            <label
              class="msg label"
              data-tooltip="expand"
            >
              Server SSL
            </label>
          </div>
          <div
            class="msg container fixedScrollbar gridCell"
            style="flex-direction: column; align-items: center; grid-column: span 2;"
          >
            <div
              class="msg divider horizontal"
              style="--thickness: 4px;"
            />
          </div>
          <div
            class="msg container fixedScrollbar gridCell left"
            style="flex-direction: row;"
          >
            SSL CA:
          </div>
          <div
            class="msg container fixedScrollbar gridCell"
            data-testid="sslCa"
            style="flex-direction: row;"
          />
          <div
            class="msg container fixedScrollbar gridCell left"
            style="flex-direction: row;"
          >
            SSL CA Path:
          </div>
          <div
            class="msg container fixedScrollbar gridCell"
            data-testid="sslCaPath"
            style="flex-direction: row;"
          />
          <div
            class="msg container fixedScrollbar gridCell left"
            style="flex-direction: row;"
          >
            SSL Cert:
          </div>
          <div
            class="msg container fixedScrollbar gridCell"
            data-testid="sslCert"
            style="flex-direction: row;"
          />
          <div
            class="msg container fixedScrollbar gridCell left"
            style="flex-direction: row;"
          >
            SSL Cipher:
          </div>
          <div
            class="msg container fixedScrollbar gridCell"
            data-testid="sslCipher"
            style="flex-direction: row;"
          />
          <div
            class="msg container fixedScrollbar gridCell left"
            style="flex-direction: row;"
          >
            SSL CRL:
          </div>
          <div
            class="msg container fixedScrollbar gridCell"
            data-testid="sslCrl"
            style="flex-direction: row;"
          />
          <div
            class="msg container fixedScrollbar gridCell left"
            style="flex-direction: row;"
          >
            SSL CRL Path:
          </div>
          <div
            class="msg container fixedScrollbar gridCell"
            data-testid="sslCrlPath"
            style="flex-direction: row;"
          />
          <div
            class="msg container fixedScrollbar gridCell left"
            style="flex-direction: row;"
          >
            SSL Key:
          </div>
          <div
            class="msg container fixedScrollbar gridCell"
            data-testid="sslKey"
            style="flex-direction: row;"
          />
        </div>
        <div
          class="msg grid"
          style="grid-template-columns: minmax(min-content,max-content) 1fr; row-gap: 3px; column-gap: 12px;"
        >
          <div
            class="msg container fixedScrollbar gridCell heading"
            style="flex-direction: column; grid-column: span 2;"
          >
            <label
              class="msg label"
              data-tooltip="expand"
            >
              Server Authentication
            </label>
          </div>
          <div
            class="msg container fixedScrollbar gridCell"
            style="flex-direction: column; align-items: center; grid-column: span 2;"
          >
            <div
              class="msg divider horizontal"
              style="--thickness: 4px;"
            />
          </div>
          <div
            class="msg container fixedScrollbar gridCell left"
            style="flex-direction: row;"
          >
            SHA256 Private Key:
          </div>
          <div
            class="msg container fixedScrollbar gridCell"
            data-testid="privateKey"
            style="flex-direction: row;"
          />
          <div
            class="msg container fixedScrollbar gridCell left"
            style="flex-direction: row;"
          >
            SHA256 Public Key:
          </div>
          <div
            class="msg container fixedScrollbar gridCell"
            data-testid="publicKey"
            style="flex-direction: row;"
          />
        </div>
      </div>
    </div>
  </div>
</div>
`;

exports[`Server status module tests > Test ServerStatus instantiation > ServerStatus2 1`] = `
<div>
  <div
    class="msg container fixedScrollbar serverStatusHost"
    style="flex-direction: column;"
  >
    <div
      class="msg container fixedScrollbar toolbar verticalCenterContent"
      id="serverStatusToolbar"
      style="flex-direction: row; align-items: center;"
    >
      <div
        class="expander"
      />
    </div>
    <div
      class="msg container fixedScrollbar serverStatus"
      style="flex-direction: column; justify-content: flex-start; align-items: center;"
    >
      <div
        class="msg grid"
        id="header"
        style="grid-template-columns: repeat(2, 1fr); row-gap: 15px; column-gap: 12px;"
      >
        <div
          class="msg container fixedScrollbar gridCell"
          style="flex-direction: row; grid-row: span 2;"
        >
          <div
            class="msg icon"
            id="mysqlLogo"
            style="mask-image: url("/src/assets/images/admin/mysql-logo.svg");"
          />
        </div>
        <div
          class="msg container fixedScrollbar gridCell"
          style="flex-direction: column;"
        >
          <h1>
            Server status
          </h1>
          <h2 />
        </div>
      </div>
      <div
        class="msg container fixedScrollbar"
        id="statusBoxHost"
        style="flex-direction: row; justify-content: space-evenly; align-items: flex-start; flex-wrap: wrap;"
      >
        <div
          class="msg grid"
          style="grid-template-columns: minmax(min-content,max-content) 1fr; row-gap: 3px; column-gap: 12px;"
        >
          <div
            class="msg container fixedScrollbar gridCell heading"
            style="flex-direction: column; grid-column: span 2;"
          >
            <label
              class="msg label"
              data-tooltip="expand"
            >
              Main Settings
            </label>
          </div>
          <div
            class="msg container fixedScrollbar gridCell"
            style="flex-direction: column; align-items: center; grid-column: span 2;"
          >
            <div
              class="msg divider horizontal"
              style="--thickness: 4px;"
            />
          </div>
          <div
            class="msg container fixedScrollbar gridCell left"
            style="flex-direction: row;"
          >
            Host:
          </div>
          <div
            class="msg container fixedScrollbar gridCell"
            data-testid="host"
            style="flex-direction: row;"
          >
            none
          </div>
          <div
            class="msg container fixedScrollbar gridCell left"
            style="flex-direction: row;"
          >
            Socket:
          </div>
          <div
            class="msg container fixedScrollbar gridCell"
            data-testid="socket"
            style="flex-direction: row;"
          >
            none
          </div>
          <div
            class="msg container fixedScrollbar gridCell left"
            style="flex-direction: row;"
          >
            Port:
          </div>
          <div
            class="msg container fixedScrollbar gridCell"
            data-testid="port"
            style="flex-direction: row;"
          >
            none
          </div>
          <div
            class="msg container fixedScrollbar gridCell left"
            style="flex-direction: row;"
          >
            Version:
          </div>
          <div
            class="msg container fixedScrollbar gridCell"
            data-testid="version"
            style="flex-direction: row;"
          >
            none
          </div>
          <div
            class="msg container fixedScrollbar gridCell left"
            style="flex-direction: row;"
          >
            Compiled For:
          </div>
          <div
            class="msg container fixedScrollbar gridCell"
            data-testid="compiledFor"
            style="flex-direction: row;"
          >
            none
          </div>
          <div
            class="msg container fixedScrollbar gridCell left"
            style="flex-direction: row;"
          >
            Configuration File:
          </div>
          <div
            class="msg container fixedScrollbar gridCell"
            data-testid="configFile"
            style="flex-direction: row;"
          >
            none
          </div>
          <div
            class="msg container fixedScrollbar gridCell left"
            style="flex-direction: row;"
          >
            Running Since:
          </div>
          <div
            class="msg container fixedScrollbar gridCell"
            data-testid="runningSince"
            style="flex-direction: row;"
          >
            none
          </div>
        </div>
        <div
          class="msg grid"
          style="grid-template-columns: minmax(min-content,max-content) 1fr; row-gap: 3px; column-gap: 12px;"
        >
          <div
            class="msg container fixedScrollbar gridCell heading"
            style="flex-direction: column; grid-column: span 2;"
          >
            <label
              class="msg label"
              data-tooltip="expand"
            >
              Server Directories
            </label>
          </div>
          <div
            class="msg container fixedScrollbar gridCell"
            style="flex-direction: column; align-items: center; grid-column: span 2;"
          >
            <div
              class="msg divider horizontal"
              style="--thickness: 4px;"
            />
          </div>
          <div
            class="msg container fixedScrollbar gridCell left"
            style="flex-direction: row;"
          >
            Base Directory:
          </div>
          <div
            class="msg container fixedScrollbar gridCell"
            data-testid="baseDir"
            style="flex-direction: row;"
          />
          <div
            class="msg container fixedScrollbar gridCell left"
            style="flex-direction: row;"
          >
            Data Directory:
          </div>
          <div
            class="msg container fixedScrollbar gridCell"
            data-testid="dataDir"
            style="flex-direction: row;"
          />
          <div
            class="msg container fixedScrollbar gridCell left"
            style="flex-direction: row;"
          >
            Plugins directory:
          </div>
          <div
            class="msg container fixedScrollbar gridCell"
            data-testid="pluginsDir"
            style="flex-direction: row;"
          />
          <div
            class="msg container fixedScrollbar gridCell left"
            style="flex-direction: row;"
          >
            Tmp Directory:
          </div>
          <div
            class="msg container fixedScrollbar gridCell"
            data-testid="tmpDir"
            style="flex-direction: row;"
          />
          <div
            class="msg container fixedScrollbar gridCell left"
            style="flex-direction: row;"
          >
            Error Log:
          </div>
          <div
            class="msg container fixedScrollbar gridCell"
            data-testid="errorLog"
            style="flex-direction: row;"
          >
            <label
              class="msg checkbox indeterminate disabled statusmark"
              tabindex="0"
            >
              <span
                class="checkMark"
              />
              none
            </label>
          </div>
          <div
            class="msg container fixedScrollbar gridCell left"
            style="flex-direction: row;"
          >
            General Log:
          </div>
          <div
            class="msg container fixedScrollbar gridCell"
            data-testid="generalLog"
            style="flex-direction: row;"
          >
            <label
              class="msg checkbox indeterminate disabled statusmark"
              tabindex="0"
            >
              <span
                class="checkMark"
              />
              none
            </label>
          </div>
          <div
            class="msg container fixedScrollbar gridCell left"
            style="flex-direction: row;"
          >
            Slow Query Log:
          </div>
          <div
            class="msg container fixedScrollbar gridCell"
            data-testid="slowQueryLog"
            style="flex-direction: row;"
          >
            <label
              class="msg checkbox indeterminate disabled statusmark"
              tabindex="0"
            >
              <span
                class="checkMark"
              />
              none
            </label>
          </div>
        </div>
        <div
          class="msg grid"
          style="grid-template-columns: minmax(min-content,max-content) 1fr; row-gap: 3px; column-gap: 12px;"
        >
          <div
            class="msg container fixedScrollbar gridCell heading"
            style="flex-direction: column; grid-column: span 2;"
          >
            <label
              class="msg label"
              data-tooltip="expand"
            >
              Server Features
            </label>
          </div>
          <div
            class="msg container fixedScrollbar gridCell"
            style="flex-direction: column; align-items: center; grid-column: span 2;"
          >
            <div
              class="msg divider horizontal"
              style="--thickness: 4px;"
            />
          </div>
          <div
            class="msg container fixedScrollbar gridCell left"
            style="flex-direction: row;"
          >
            Performance Schema:
          </div>
          <div
            class="msg container fixedScrollbar gridCell"
            data-testid="performanceSchema"
            style="flex-direction: row;"
          >
            <label
              class="msg checkbox indeterminate disabled statusmark"
              tabindex="0"
            >
              <span
                class="checkMark"
              />
              none
            </label>
          </div>
          <div
            class="msg container fixedScrollbar gridCell left"
            style="flex-direction: row;"
          >
            Thread Pool:
          </div>
          <div
            class="msg container fixedScrollbar gridCell"
            data-testid="threadPool"
            style="flex-direction: row;"
          >
            <label
              class="msg checkbox indeterminate disabled statusmark"
              tabindex="0"
            >
              <span
                class="checkMark"
              />
              none
            </label>
          </div>
          <div
            class="msg container fixedScrollbar gridCell left"
            style="flex-direction: row;"
          >
            Memcached Plugin:
          </div>
          <div
            class="msg container fixedScrollbar gridCell"
            data-testid="memCached"
            style="flex-direction: row;"
          >
            none
          </div>
          <div
            class="msg container fixedScrollbar gridCell left"
            style="flex-direction: row;"
          >
            Semisync Replication Plugin:
          </div>
          <div
            class="msg container fixedScrollbar gridCell"
            data-testid="semiSyncPlugin"
            style="flex-direction: row;"
          >
            none
          </div>
          <div
            class="msg container fixedScrollbar gridCell left"
            style="flex-direction: row;"
          >
            PAM Authentication:
          </div>
          <div
            class="msg container fixedScrollbar gridCell"
            data-testid="pamAuth"
            style="flex-direction: row;"
          >
            <label
              class="msg checkbox indeterminate disabled statusmark"
              tabindex="0"
            >
              <span
                class="checkMark"
              />
              none
            </label>
          </div>
          <div
            class="msg container fixedScrollbar gridCell left"
            style="flex-direction: row;"
          >
            Password Validation:
          </div>
          <div
            class="msg container fixedScrollbar gridCell"
            data-testid="passwordValidation"
            style="flex-direction: row;"
          >
            <label
              class="msg checkbox indeterminate disabled statusmark"
              tabindex="0"
            >
              <span
                class="checkMark"
              />
              none
            </label>
          </div>
          <div
            class="msg container fixedScrollbar gridCell left"
            style="flex-direction: row;"
          >
            Audit Log:
          </div>
          <div
            class="msg container fixedScrollbar gridCell"
            data-testid="auditLog"
            style="flex-direction: row;"
          >
            <label
              class="msg checkbox indeterminate disabled statusmark"
              tabindex="0"
            >
              <span
                class="checkMark"
              />
              none
            </label>
          </div>
          <div
            class="msg container fixedScrollbar gridCell left"
            style="flex-direction: row;"
          >
            Firewall:
          </div>
          <div
            class="msg container fixedScrollbar gridCell"
            data-testid="firewall"
            style="flex-direction: row;"
          >
            none
          </div>
          <div
            class="msg container fixedScrollbar gridCell left"
            style="flex-direction: row;"
          >
            Firewall Trace:
          </div>
          <div
            class="msg container fixedScrollbar gridCell"
            data-testid="firewallTrace"
            style="flex-direction: row;"
          >
            none
          </div>
        </div>
        <div
          class="msg grid"
          style="grid-template-columns: minmax(min-content,max-content) 1fr; row-gap: 3px; column-gap: 12px;"
        >
          <div
            class="msg container fixedScrollbar gridCell heading"
            style="flex-direction: column; grid-column: span 2;"
          >
            <label
              class="msg label"
              data-tooltip="expand"
            >
              Server SSL
            </label>
          </div>
          <div
            class="msg container fixedScrollbar gridCell"
            style="flex-direction: column; align-items: center; grid-column: span 2;"
          >
            <div
              class="msg divider horizontal"
              style="--thickness: 4px;"
            />
          </div>
          <div
            class="msg container fixedScrollbar gridCell left"
            style="flex-direction: row;"
          >
            SSL CA:
          </div>
          <div
            class="msg container fixedScrollbar gridCell"
            data-testid="sslCa"
            style="flex-direction: row;"
          />
          <div
            class="msg container fixedScrollbar gridCell left"
            style="flex-direction: row;"
          >
            SSL CA Path:
          </div>
          <div
            class="msg container fixedScrollbar gridCell"
            data-testid="sslCaPath"
            style="flex-direction: row;"
          />
          <div
            class="msg container fixedScrollbar gridCell left"
            style="flex-direction: row;"
          >
            SSL Cert:
          </div>
          <div
            class="msg container fixedScrollbar gridCell"
            data-testid="sslCert"
            style="flex-direction: row;"
          />
          <div
            class="msg container fixedScrollbar gridCell left"
            style="flex-direction: row;"
          >
            SSL Cipher:
          </div>
          <div
            class="msg container fixedScrollbar gridCell"
            data-testid="sslCipher"
            style="flex-direction: row;"
          />
          <div
            class="msg container fixedScrollbar gridCell left"
            style="flex-direction: row;"
          >
            SSL CRL:
          </div>
          <div
            class="msg container fixedScrollbar gridCell"
            data-testid="sslCrl"
            style="flex-direction: row;"
          />
          <div
            class="msg container fixedScrollbar gridCell left"
            style="flex-direction: row;"
          >
            SSL CRL Path:
          </div>
          <div
            class="msg container fixedScrollbar gridCell"
            data-testid="sslCrlPath"
            style="flex-direction: row;"
          />
          <div
            class="msg container fixedScrollbar gridCell left"
            style="flex-direction: row;"
          >
            SSL Key:
          </div>
          <div
            class="msg container fixedScrollbar gridCell"
            data-testid="sslKey"
            style="flex-direction: row;"
          />
        </div>
        <div
          class="msg grid"
          style="grid-template-columns: minmax(min-content,max-content) 1fr; row-gap: 3px; column-gap: 12px;"
        >
          <div
            class="msg container fixedScrollbar gridCell heading"
            style="flex-direction: column; grid-column: span 2;"
          >
            <label
              class="msg label"
              data-tooltip="expand"
            >
              Server Authentication
            </label>
          </div>
          <div
            class="msg container fixedScrollbar gridCell"
            style="flex-direction: column; align-items: center; grid-column: span 2;"
          >
            <div
              class="msg divider horizontal"
              style="--thickness: 4px;"
            />
          </div>
          <div
            class="msg container fixedScrollbar gridCell left"
            style="flex-direction: row;"
          >
            SHA256 Private Key:
          </div>
          <div
            class="msg container fixedScrollbar gridCell"
            data-testid="privateKey"
            style="flex-direction: row;"
          />
          <div
            class="msg container fixedScrollbar gridCell left"
            style="flex-direction: row;"
          >
            SHA256 Public Key:
          </div>
          <div
            class="msg container fixedScrollbar gridCell"
            data-testid="publicKey"
            style="flex-direction: row;"
          />
        </div>
      </div>
    </div>
  </div>
</div>
`;
