// Jest Snapshot v1, https://goo.gl/fbAQLP

exports[`Accordion component tests Test accordion output (Snapshot) 1`] = `
<Accordion
  caption="SIDEBAR TITLE"
  footer="Lorem ipsum dolor sit amen, consenter"
  id="sidebar1"
  sections={
    [
      {
        "caption": "FIRST SECTION",
        "content": [
          <AccordionItem
            caption="Item 1"
            id="item1"
          />,
          <AccordionItem
            caption="Item 2"
            id="item2"
          />,
          <AccordionItem
            caption="Item 3"
            id="item3"
          />,
        ],
        "expanded": false,
        "id": "first",
      },
      {
        "caption": "SECOND SECTION",
        "content": [
          <AccordionItem
            caption="Item 5"
            id="item5"
            picture="overviewPage.svg"
          />,
          <AccordionItem
            caption="Item 6"
            id="item6"
            picture="overviewPage.svg"
          />,
          <AccordionItem
            caption="Item 7"
            id="item7"
            picture="overviewPage.svg"
          />,
        ],
        "id": "second",
      },
      {
        "caption": "THIRD SECTION",
        "content": [
          <AccordionItem
            caption="Item 9"
            id="item9"
          />,
          <AccordionItem
            caption="Item 10"
            id="item10"
          />,
          <AccordionItem
            caption="Item 11"
            id="item11"
          />,
        ],
        "id": "third",
      },
    ]
  }
  singleExpand={true}
  style={
    {
      "borderStyle": "solid",
      "borderWidth": "1px",
    }
  }
>
  <Container
    className="msg accordion"
    id="sidebar1"
    mainAlignment="flex-start"
    orientation="column"
    style={
      {
        "borderStyle": "solid",
        "borderWidth": "1px",
      }
    }
  >
    <div
      className="msg container fixedScrollbar accordion"
      id="sidebar1"
      style={
        {
          "alignItems": undefined,
          "borderStyle": "solid",
          "borderWidth": "1px",
          "flexDirection": "column",
          "flexWrap": undefined,
          "justifyContent": "flex-start",
        }
      }
    >
      <Label
        className="title"
      >
        <label
          className="msg label title"
          data-tooltip="expand"
          style={{}}
        >
          SIDEBAR TITLE
        </label>
      </Label>
      <SplitContainer
        className="accordionContent"
        onPaneResized={[Function]}
        orientation="column"
        panes={
          [
            {
              "collapsed": true,
              "content": <AccordionSection
                caption="FIRST SECTION"
                dimmed={false}
                expanded={false}
                id="first"
                onAction={[Function]}
                onToggleExpandState={[Function]}
              >
                <AccordionItem
                  caption="Item 1"
                  id="item1"
                />
                <AccordionItem
                  caption="Item 2"
                  id="item2"
                />
                <AccordionItem
                  caption="Item 3"
                  id="item3"
                />
              </AccordionSection>,
              "id": "first",
              "initialSize": 22,
              "maxSize": 22,
              "minSize": 22,
              "resizable": false,
              "snap": true,
              "stretch": false,
            },
            {
              "collapsed": false,
              "content": <AccordionSection
                caption="SECOND SECTION"
                dimmed={false}
                expanded={true}
                id="second"
                onAction={[Function]}
                onToggleExpandState={[Function]}
              >
                <AccordionItem
                  caption="Item 5"
                  id="item5"
                  picture="overviewPage.svg"
                />
                <AccordionItem
                  caption="Item 6"
                  id="item6"
                  picture="overviewPage.svg"
                />
                <AccordionItem
                  caption="Item 7"
                  id="item7"
                  picture="overviewPage.svg"
                />
              </AccordionSection>,
              "id": "second",
              "initialSize": undefined,
              "maxSize": undefined,
              "minSize": 22,
              "resizable": false,
              "snap": true,
              "stretch": false,
            },
            {
              "collapsed": false,
              "content": <AccordionSection
                caption="THIRD SECTION"
                dimmed={false}
                expanded={true}
                id="third"
                onAction={[Function]}
                onToggleExpandState={[Function]}
              >
                <AccordionItem
                  caption="Item 9"
                  id="item9"
                />
                <AccordionItem
                  caption="Item 10"
                  id="item10"
                />
                <AccordionItem
                  caption="Item 11"
                  id="item11"
                />
              </AccordionSection>,
              "id": "third",
              "initialSize": undefined,
              "maxSize": undefined,
              "minSize": 22,
              "resizable": false,
              "snap": true,
              "stretch": false,
            },
          ]
        }
        splitterSize={4}
      >
        <div
          className="msg splitContainer accordionContent"
        >
          <div
            className="sashContainer"
          >
            <Divider
              className="sash disabled"
              id="firstSash"
              key="firstSash"
              thickness={4}
              vertical={false}
            >
              <div
                className="msg divider horizontal sash disabled"
                id="firstSash"
                onMouseEnter={[Function]}
                onMouseLeave={[Function]}
                style={
                  {
                    "--thickness": "4px",
                  }
                }
              />
            </Divider>
            <Divider
              className="sash disabled"
              id="secondSash"
              key="secondSash"
              thickness={4}
              vertical={false}
            >
              <div
                className="msg divider horizontal sash disabled"
                id="secondSash"
                onMouseEnter={[Function]}
                onMouseLeave={[Function]}
                style={
                  {
                    "--thickness": "4px",
                  }
                }
              />
            </Divider>
          </div>
          <div
            className="splitContentContainer"
          >
            <Container
              className="splitHost"
              id="firstHost"
              key="firstHost"
              mainAlignment="stretch"
              orientation="column"
            >
              <div
                className="msg container fixedScrollbar splitHost"
                id="firstHost"
                style={
                  {
                    "alignItems": undefined,
                    "flexDirection": "column",
                    "flexWrap": undefined,
                    "justifyContent": "stretch",
                  }
                }
              >
                <AccordionSection
                  caption="FIRST SECTION"
                  dimmed={false}
                  expanded={false}
                  id="first"
                  onAction={[Function]}
                  onToggleExpandState={[Function]}
                >
                  <Container
                    className="msg section"
                    id="first"
                    innerRef={
                      {
                        "current": <div
                          class="msg container fixedScrollbar section"
                          id="first"
                          style="flex-direction: column;"
                        >
                          <div
                            class="msg container fixedScrollbar title"
                            style="flex-direction: row; align-items: center;"
                            tabindex="0"
                          >
                            <div
                              class="msg icon codicon codicon-chevron-right"
                            />
                            <label
                              class="msg label"
                              data-tooltip="expand"
                            >
                              FIRST SECTION
                            </label>
                            <div
                              class="msg container fixedScrollbar actions"
                              style="flex-direction: row; justify-content: flex-end; align-items: center;"
                            />
                          </div>
                          <div
                            class="msg container fixedScrollbar content"
                            style="flex-direction: column;"
                            tabindex="0"
                          >
                            <div
                              class="msg container fixedScrollbar accordionItem"
                              id="item1"
                              style="flex-direction: row; align-items: center;"
                              tabindex="0"
                            >
                              <label
                                class="msg label"
                                data-tooltip="expand"
                              >
                                Item 1
                              </label>
                            </div>
                            <div
                              class="msg container fixedScrollbar accordionItem"
                              id="item2"
                              style="flex-direction: row; align-items: center;"
                              tabindex="0"
                            >
                              <label
                                class="msg label"
                                data-tooltip="expand"
                              >
                                Item 2
                              </label>
                            </div>
                            <div
                              class="msg container fixedScrollbar accordionItem"
                              id="item3"
                              style="flex-direction: row; align-items: center;"
                              tabindex="0"
                            >
                              <label
                                class="msg label"
                                data-tooltip="expand"
                              >
                                Item 3
                              </label>
                            </div>
                          </div>
                        </div>,
                      }
                    }
                    orientation="column"
                  >
                    <div
                      className="msg container fixedScrollbar section"
                      id="first"
                      style={
                        {
                          "alignItems": undefined,
                          "flexDirection": "column",
                          "flexWrap": undefined,
                          "justifyContent": undefined,
                        }
                      }
                    >
                      <Container
                        className="title"
                        crossAlignment="center"
                        onClick={[Function]}
                        onKeyPress={[Function]}
                        orientation="row"
                        tabIndex={0}
                      >
                        <div
                          className="msg container fixedScrollbar title"
                          onClick={[Function]}
                          onKeyPress={[Function]}
                          style={
                            {
                              "alignItems": "center",
                              "flexDirection": "row",
                              "flexWrap": undefined,
                              "justifyContent": undefined,
                            }
                          }
                          tabIndex={0}
                        >
                          <Icon
                            disabled={false}
                            src={36}
                          >
                            <div
                              className="msg icon codicon codicon-chevron-right"
                            />
                          </Icon>
                          <Label
                            caption="FIRST SECTION"
                          >
                            <label
                              className="msg label"
                              data-tooltip="expand"
                              style={{}}
                            >
                              FIRST SECTION
                            </label>
                          </Label>
                          <Container
                            className="actions"
                            crossAlignment="center"
                            mainAlignment="flex-end"
                            orientation="row"
                          >
                            <div
                              className="msg container fixedScrollbar actions"
                              style={
                                {
                                  "alignItems": "center",
                                  "flexDirection": "row",
                                  "flexWrap": undefined,
                                  "justifyContent": "flex-end",
                                }
                              }
                            />
                          </Container>
                        </div>
                      </Container>
                      <Container
                        className="content"
                        orientation="column"
                        tabIndex={0}
                      >
                        <div
                          className="msg container fixedScrollbar content"
                          style={
                            {
                              "alignItems": undefined,
                              "flexDirection": "column",
                              "flexWrap": undefined,
                              "justifyContent": undefined,
                            }
                          }
                          tabIndex={0}
                        >
                          <AccordionItem
                            caption="Item 1"
                            id="item1"
                            key="item1"
                          >
                            <Container
                              className="msg accordionItem"
                              crossAlignment="center"
                              id="item1"
                              orientation="row"
                              tabIndex={0}
                            >
                              <div
                                className="msg container fixedScrollbar accordionItem"
                                id="item1"
                                style={
                                  {
                                    "alignItems": "center",
                                    "flexDirection": "row",
                                    "flexWrap": undefined,
                                    "justifyContent": undefined,
                                  }
                                }
                                tabIndex={0}
                              >
                                <Label>
                                  <label
                                    className="msg label"
                                    data-tooltip="expand"
                                    style={{}}
                                  >
                                    Item 1
                                  </label>
                                </Label>
                              </div>
                            </Container>
                          </AccordionItem>
                          <AccordionItem
                            caption="Item 2"
                            id="item2"
                            key="item2"
                          >
                            <Container
                              className="msg accordionItem"
                              crossAlignment="center"
                              id="item2"
                              orientation="row"
                              tabIndex={0}
                            >
                              <div
                                className="msg container fixedScrollbar accordionItem"
                                id="item2"
                                style={
                                  {
                                    "alignItems": "center",
                                    "flexDirection": "row",
                                    "flexWrap": undefined,
                                    "justifyContent": undefined,
                                  }
                                }
                                tabIndex={0}
                              >
                                <Label>
                                  <label
                                    className="msg label"
                                    data-tooltip="expand"
                                    style={{}}
                                  >
                                    Item 2
                                  </label>
                                </Label>
                              </div>
                            </Container>
                          </AccordionItem>
                          <AccordionItem
                            caption="Item 3"
                            id="item3"
                            key="item3"
                          >
                            <Container
                              className="msg accordionItem"
                              crossAlignment="center"
                              id="item3"
                              orientation="row"
                              tabIndex={0}
                            >
                              <div
                                className="msg container fixedScrollbar accordionItem"
                                id="item3"
                                style={
                                  {
                                    "alignItems": "center",
                                    "flexDirection": "row",
                                    "flexWrap": undefined,
                                    "justifyContent": undefined,
                                  }
                                }
                                tabIndex={0}
                              >
                                <Label>
                                  <label
                                    className="msg label"
                                    data-tooltip="expand"
                                    style={{}}
                                  >
                                    Item 3
                                  </label>
                                </Label>
                              </div>
                            </Container>
                          </AccordionItem>
                        </div>
                      </Container>
                    </div>
                  </Container>
                </AccordionSection>
              </div>
            </Container>
            <Container
              className="splitHost"
              id="secondHost"
              key="secondHost"
              mainAlignment="stretch"
              orientation="column"
            >
              <div
                className="msg container fixedScrollbar splitHost"
                id="secondHost"
                style={
                  {
                    "alignItems": undefined,
                    "flexDirection": "column",
                    "flexWrap": undefined,
                    "justifyContent": "stretch",
                  }
                }
              >
                <AccordionSection
                  caption="SECOND SECTION"
                  dimmed={false}
                  expanded={true}
                  id="second"
                  onAction={[Function]}
                  onToggleExpandState={[Function]}
                >
                  <Container
                    className="msg section expanded"
                    id="second"
                    innerRef={
                      {
                        "current": <div
                          class="msg container fixedScrollbar section expanded"
                          id="second"
                          style="flex-direction: column;"
                        >
                          <div
                            class="msg container fixedScrollbar title"
                            style="flex-direction: row; align-items: center;"
                            tabindex="0"
                          >
                            <div
                              class="msg icon codicon codicon-chevron-down"
                            />
                            <label
                              class="msg label"
                              data-tooltip="expand"
                            >
                              SECOND SECTION
                            </label>
                            <div
                              class="msg container fixedScrollbar actions"
                              style="flex-direction: row; justify-content: flex-end; align-items: center;"
                            />
                          </div>
                          <div
                            class="msg container fixedScrollbar content"
                            style="flex-direction: column;"
                            tabindex="0"
                          >
                            <div
                              class="msg container fixedScrollbar accordionItem"
                              id="item5"
                              picture="overviewPage.svg"
                              style="flex-direction: row; align-items: center;"
                              tabindex="0"
                            >
                              <img
                                class="msg image"
                                height="20px"
                                src="overviewPage.svg"
                                width="20px"
                              />
                              <label
                                class="msg label"
                                data-tooltip="expand"
                              >
                                Item 5
                              </label>
                            </div>
                            <div
                              class="msg container fixedScrollbar accordionItem"
                              id="item6"
                              picture="overviewPage.svg"
                              style="flex-direction: row; align-items: center;"
                              tabindex="0"
                            >
                              <img
                                class="msg image"
                                height="20px"
                                src="overviewPage.svg"
                                width="20px"
                              />
                              <label
                                class="msg label"
                                data-tooltip="expand"
                              >
                                Item 6
                              </label>
                            </div>
                            <div
                              class="msg container fixedScrollbar accordionItem"
                              id="item7"
                              picture="overviewPage.svg"
                              style="flex-direction: row; align-items: center;"
                              tabindex="0"
                            >
                              <img
                                class="msg image"
                                height="20px"
                                src="overviewPage.svg"
                                width="20px"
                              />
                              <label
                                class="msg label"
                                data-tooltip="expand"
                              >
                                Item 7
                              </label>
                            </div>
                          </div>
                        </div>,
                      }
                    }
                    orientation="column"
                  >
                    <div
                      className="msg container fixedScrollbar section expanded"
                      id="second"
                      style={
                        {
                          "alignItems": undefined,
                          "flexDirection": "column",
                          "flexWrap": undefined,
                          "justifyContent": undefined,
                        }
                      }
                    >
                      <Container
                        className="title"
                        crossAlignment="center"
                        onClick={[Function]}
                        onKeyPress={[Function]}
                        orientation="row"
                        tabIndex={0}
                      >
                        <div
                          className="msg container fixedScrollbar title"
                          onClick={[Function]}
                          onKeyPress={[Function]}
                          style={
                            {
                              "alignItems": "center",
                              "flexDirection": "row",
                              "flexWrap": undefined,
                              "justifyContent": undefined,
                            }
                          }
                          tabIndex={0}
                        >
                          <Icon
                            disabled={false}
                            src={34}
                          >
                            <div
                              className="msg icon codicon codicon-chevron-down"
                            />
                          </Icon>
                          <Label
                            caption="SECOND SECTION"
                          >
                            <label
                              className="msg label"
                              data-tooltip="expand"
                              style={{}}
                            >
                              SECOND SECTION
                            </label>
                          </Label>
                          <Container
                            className="actions"
                            crossAlignment="center"
                            mainAlignment="flex-end"
                            orientation="row"
                          >
                            <div
                              className="msg container fixedScrollbar actions"
                              style={
                                {
                                  "alignItems": "center",
                                  "flexDirection": "row",
                                  "flexWrap": undefined,
                                  "justifyContent": "flex-end",
                                }
                              }
                            />
                          </Container>
                        </div>
                      </Container>
                      <Container
                        className="content"
                        orientation="column"
                        tabIndex={0}
                      >
                        <div
                          className="msg container fixedScrollbar content"
                          style={
                            {
                              "alignItems": undefined,
                              "flexDirection": "column",
                              "flexWrap": undefined,
                              "justifyContent": undefined,
                            }
                          }
                          tabIndex={0}
                        >
                          <AccordionItem
                            caption="Item 5"
                            id="item5"
                            key="item5"
                            picture="overviewPage.svg"
                          >
                            <Container
                              className="msg accordionItem"
                              crossAlignment="center"
                              id="item5"
                              orientation="row"
                              picture="overviewPage.svg"
                              tabIndex={0}
                            >
                              <div
                                className="msg container fixedScrollbar accordionItem"
                                id="item5"
                                picture="overviewPage.svg"
                                style={
                                  {
                                    "alignItems": "center",
                                    "flexDirection": "row",
                                    "flexWrap": undefined,
                                    "justifyContent": undefined,
                                  }
                                }
                                tabIndex={0}
                              >
                                <Image
                                  disabled={false}
                                  height="20px"
                                  src="overviewPage.svg"
                                  width="20px"
                                >
                                  <img
                                    className="msg image"
                                    height="20px"
                                    src="overviewPage.svg"
                                    width="20px"
                                  />
                                </Image>
                                <Label>
                                  <label
                                    className="msg label"
                                    data-tooltip="expand"
                                    style={{}}
                                  >
                                    Item 5
                                  </label>
                                </Label>
                              </div>
                            </Container>
                          </AccordionItem>
                          <AccordionItem
                            caption="Item 6"
                            id="item6"
                            key="item6"
                            picture="overviewPage.svg"
                          >
                            <Container
                              className="msg accordionItem"
                              crossAlignment="center"
                              id="item6"
                              orientation="row"
                              picture="overviewPage.svg"
                              tabIndex={0}
                            >
                              <div
                                className="msg container fixedScrollbar accordionItem"
                                id="item6"
                                picture="overviewPage.svg"
                                style={
                                  {
                                    "alignItems": "center",
                                    "flexDirection": "row",
                                    "flexWrap": undefined,
                                    "justifyContent": undefined,
                                  }
                                }
                                tabIndex={0}
                              >
                                <Image
                                  disabled={false}
                                  height="20px"
                                  src="overviewPage.svg"
                                  width="20px"
                                >
                                  <img
                                    className="msg image"
                                    height="20px"
                                    src="overviewPage.svg"
                                    width="20px"
                                  />
                                </Image>
                                <Label>
                                  <label
                                    className="msg label"
                                    data-tooltip="expand"
                                    style={{}}
                                  >
                                    Item 6
                                  </label>
                                </Label>
                              </div>
                            </Container>
                          </AccordionItem>
                          <AccordionItem
                            caption="Item 7"
                            id="item7"
                            key="item7"
                            picture="overviewPage.svg"
                          >
                            <Container
                              className="msg accordionItem"
                              crossAlignment="center"
                              id="item7"
                              orientation="row"
                              picture="overviewPage.svg"
                              tabIndex={0}
                            >
                              <div
                                className="msg container fixedScrollbar accordionItem"
                                id="item7"
                                picture="overviewPage.svg"
                                style={
                                  {
                                    "alignItems": "center",
                                    "flexDirection": "row",
                                    "flexWrap": undefined,
                                    "justifyContent": undefined,
                                  }
                                }
                                tabIndex={0}
                              >
                                <Image
                                  disabled={false}
                                  height="20px"
                                  src="overviewPage.svg"
                                  width="20px"
                                >
                                  <img
                                    className="msg image"
                                    height="20px"
                                    src="overviewPage.svg"
                                    width="20px"
                                  />
                                </Image>
                                <Label>
                                  <label
                                    className="msg label"
                                    data-tooltip="expand"
                                    style={{}}
                                  >
                                    Item 7
                                  </label>
                                </Label>
                              </div>
                            </Container>
                          </AccordionItem>
                        </div>
                      </Container>
                    </div>
                  </Container>
                </AccordionSection>
              </div>
            </Container>
            <Container
              className="splitHost"
              id="thirdHost"
              key="thirdHost"
              mainAlignment="stretch"
              orientation="column"
            >
              <div
                className="msg container fixedScrollbar splitHost"
                id="thirdHost"
                style={
                  {
                    "alignItems": undefined,
                    "flexDirection": "column",
                    "flexWrap": undefined,
                    "justifyContent": "stretch",
                  }
                }
              >
                <AccordionSection
                  caption="THIRD SECTION"
                  dimmed={false}
                  expanded={true}
                  id="third"
                  onAction={[Function]}
                  onToggleExpandState={[Function]}
                >
                  <Container
                    className="msg section expanded"
                    id="third"
                    innerRef={
                      {
                        "current": <div
                          class="msg container fixedScrollbar section expanded"
                          id="third"
                          style="flex-direction: column;"
                        >
                          <div
                            class="msg container fixedScrollbar title"
                            style="flex-direction: row; align-items: center;"
                            tabindex="0"
                          >
                            <div
                              class="msg icon codicon codicon-chevron-down"
                            />
                            <label
                              class="msg label"
                              data-tooltip="expand"
                            >
                              THIRD SECTION
                            </label>
                            <div
                              class="msg container fixedScrollbar actions"
                              style="flex-direction: row; justify-content: flex-end; align-items: center;"
                            />
                          </div>
                          <div
                            class="msg container fixedScrollbar content"
                            style="flex-direction: column;"
                            tabindex="0"
                          >
                            <div
                              class="msg container fixedScrollbar accordionItem"
                              id="item9"
                              style="flex-direction: row; align-items: center;"
                              tabindex="0"
                            >
                              <label
                                class="msg label"
                                data-tooltip="expand"
                              >
                                Item 9
                              </label>
                            </div>
                            <div
                              class="msg container fixedScrollbar accordionItem"
                              id="item10"
                              style="flex-direction: row; align-items: center;"
                              tabindex="0"
                            >
                              <label
                                class="msg label"
                                data-tooltip="expand"
                              >
                                Item 10
                              </label>
                            </div>
                            <div
                              class="msg container fixedScrollbar accordionItem"
                              id="item11"
                              style="flex-direction: row; align-items: center;"
                              tabindex="0"
                            >
                              <label
                                class="msg label"
                                data-tooltip="expand"
                              >
                                Item 11
                              </label>
                            </div>
                          </div>
                        </div>,
                      }
                    }
                    orientation="column"
                  >
                    <div
                      className="msg container fixedScrollbar section expanded"
                      id="third"
                      style={
                        {
                          "alignItems": undefined,
                          "flexDirection": "column",
                          "flexWrap": undefined,
                          "justifyContent": undefined,
                        }
                      }
                    >
                      <Container
                        className="title"
                        crossAlignment="center"
                        onClick={[Function]}
                        onKeyPress={[Function]}
                        orientation="row"
                        tabIndex={0}
                      >
                        <div
                          className="msg container fixedScrollbar title"
                          onClick={[Function]}
                          onKeyPress={[Function]}
                          style={
                            {
                              "alignItems": "center",
                              "flexDirection": "row",
                              "flexWrap": undefined,
                              "justifyContent": undefined,
                            }
                          }
                          tabIndex={0}
                        >
                          <Icon
                            disabled={false}
                            src={34}
                          >
                            <div
                              className="msg icon codicon codicon-chevron-down"
                            />
                          </Icon>
                          <Label
                            caption="THIRD SECTION"
                          >
                            <label
                              className="msg label"
                              data-tooltip="expand"
                              style={{}}
                            >
                              THIRD SECTION
                            </label>
                          </Label>
                          <Container
                            className="actions"
                            crossAlignment="center"
                            mainAlignment="flex-end"
                            orientation="row"
                          >
                            <div
                              className="msg container fixedScrollbar actions"
                              style={
                                {
                                  "alignItems": "center",
                                  "flexDirection": "row",
                                  "flexWrap": undefined,
                                  "justifyContent": "flex-end",
                                }
                              }
                            />
                          </Container>
                        </div>
                      </Container>
                      <Container
                        className="content"
                        orientation="column"
                        tabIndex={0}
                      >
                        <div
                          className="msg container fixedScrollbar content"
                          style={
                            {
                              "alignItems": undefined,
                              "flexDirection": "column",
                              "flexWrap": undefined,
                              "justifyContent": undefined,
                            }
                          }
                          tabIndex={0}
                        >
                          <AccordionItem
                            caption="Item 9"
                            id="item9"
                            key="item9"
                          >
                            <Container
                              className="msg accordionItem"
                              crossAlignment="center"
                              id="item9"
                              orientation="row"
                              tabIndex={0}
                            >
                              <div
                                className="msg container fixedScrollbar accordionItem"
                                id="item9"
                                style={
                                  {
                                    "alignItems": "center",
                                    "flexDirection": "row",
                                    "flexWrap": undefined,
                                    "justifyContent": undefined,
                                  }
                                }
                                tabIndex={0}
                              >
                                <Label>
                                  <label
                                    className="msg label"
                                    data-tooltip="expand"
                                    style={{}}
                                  >
                                    Item 9
                                  </label>
                                </Label>
                              </div>
                            </Container>
                          </AccordionItem>
                          <AccordionItem
                            caption="Item 10"
                            id="item10"
                            key="item10"
                          >
                            <Container
                              className="msg accordionItem"
                              crossAlignment="center"
                              id="item10"
                              orientation="row"
                              tabIndex={0}
                            >
                              <div
                                className="msg container fixedScrollbar accordionItem"
                                id="item10"
                                style={
                                  {
                                    "alignItems": "center",
                                    "flexDirection": "row",
                                    "flexWrap": undefined,
                                    "justifyContent": undefined,
                                  }
                                }
                                tabIndex={0}
                              >
                                <Label>
                                  <label
                                    className="msg label"
                                    data-tooltip="expand"
                                    style={{}}
                                  >
                                    Item 10
                                  </label>
                                </Label>
                              </div>
                            </Container>
                          </AccordionItem>
                          <AccordionItem
                            caption="Item 11"
                            id="item11"
                            key="item11"
                          >
                            <Container
                              className="msg accordionItem"
                              crossAlignment="center"
                              id="item11"
                              orientation="row"
                              tabIndex={0}
                            >
                              <div
                                className="msg container fixedScrollbar accordionItem"
                                id="item11"
                                style={
                                  {
                                    "alignItems": "center",
                                    "flexDirection": "row",
                                    "flexWrap": undefined,
                                    "justifyContent": undefined,
                                  }
                                }
                                tabIndex={0}
                              >
                                <Label>
                                  <label
                                    className="msg label"
                                    data-tooltip="expand"
                                    style={{}}
                                  >
                                    Item 11
                                  </label>
                                </Label>
                              </div>
                            </Container>
                          </AccordionItem>
                        </div>
                      </Container>
                    </div>
                  </Container>
                </AccordionSection>
              </div>
            </Container>
          </div>
        </div>
      </SplitContainer>
      <Label
        className="footer"
      >
        <label
          className="msg label footer"
          data-tooltip="expand"
          style={{}}
        >
          Lorem ipsum dolor sit amen, consenter
        </label>
      </Label>
    </div>
  </Container>
</Accordion>
`;
