// Jest Snapshot v1, https://goo.gl/fbAQLP

exports[`Accordion component tests Test accordion output (Snapshot) 1`] = `
Object {
  "asFragment": [Function],
  "baseElement": <body
    theme="dark"
  >
    <div>
      <div
        __self="[object Object]"
        __source="[object Object]"
        class="msg container accordion"
        id="sidebar1"
        style="flex-direction: column; justify-content: flex-start; border-width: 1px; border-style: solid;"
      >
        <label
          __self="[object Object]"
          __source="[object Object]"
          class="msg label title"
          data-tooltip="expand"
        >
          SIDEBAR TITLE
        </label>
        <div
          __self="[object Object]"
          __source="[object Object]"
          class="msg splitContainer accordionContent resizing"
        >
          <div
            __self="[object Object]"
            __source="[object Object]"
            class="sashContainer"
          >
            <div
              __self="[object Object]"
              __source="[object Object]"
              class="msg divider horizontal sash disabled"
              id="firstSash"
              style="top: -4px;"
            />
            <div
              __self="[object Object]"
              __source="[object Object]"
              class="msg divider horizontal sash disabled"
              id="secondSash"
              style="top: -5px;"
            />
          </div>
          <div
            __self="[object Object]"
            __source="[object Object]"
            class="splitContentContainer"
          >
            <div
              __self="[object Object]"
              __source="[object Object]"
              class="msg container splitHost"
              id="firstHost"
              style="flex-direction: column; justify-content: stretch; height: -1px; top: 0px;"
            >
              <div
                __self="[object Object]"
                __source="[object Object]"
                class="msg container section"
                style="flex-direction: column;"
              >
                <div
                  __self="[object Object]"
                  __source="[object Object]"
                  class="msg container title"
                  style="flex-direction: row; align-items: center;"
                  tabindex="0"
                >
                  <label
                    __self="[object Object]"
                    __source="[object Object]"
                    class="msg label"
                    data-tooltip="expand"
                  >
                    FIRST SECTION
                  </label>
                  <div
                    __self="[object Object]"
                    __source="[object Object]"
                    class="msg container actions"
                    style="flex-direction: row; justify-content: flex-end; align-items: center;"
                  />
                </div>
                <div
                  __self="[object Object]"
                  __source="[object Object]"
                  class="msg container content"
                  style="flex-direction: column;"
                  tabindex="0"
                >
                  <div
                    __self="[object Object]"
                    __source="[object Object]"
                    class="msg container accordionItem"
                    id="item1"
                    style="flex-direction: row; align-items: center;"
                    tabindex="0"
                  >
                    <span
                      __self="[object Object]"
                      __source="[object Object]"
                      class="msg label"
                      data-tooltip="expand"
                    >
                      Item 1
                    </span>
                  </div>
                  <div
                    __self="[object Object]"
                    __source="[object Object]"
                    class="msg container accordionItem"
                    id="item2"
                    style="flex-direction: row; align-items: center;"
                    tabindex="0"
                  >
                    <span
                      __self="[object Object]"
                      __source="[object Object]"
                      class="msg label"
                      data-tooltip="expand"
                    >
                      Item 2
                    </span>
                  </div>
                  <div
                    __self="[object Object]"
                    __source="[object Object]"
                    class="msg container accordionItem"
                    id="item3"
                    style="flex-direction: row; align-items: center;"
                    tabindex="0"
                  >
                    <span
                      __self="[object Object]"
                      __source="[object Object]"
                      class="msg label"
                      data-tooltip="expand"
                    >
                      Item 3
                    </span>
                  </div>
                </div>
              </div>
            </div>
            <div
              __self="[object Object]"
              __source="[object Object]"
              class="msg container splitHost"
              id="secondHost"
              style="flex-direction: column; justify-content: stretch; height: -1px; top: -1px;"
            >
              <div
                __self="[object Object]"
                __source="[object Object]"
                class="msg container section expanded"
                style="flex-direction: column;"
              >
                <div
                  __self="[object Object]"
                  __source="[object Object]"
                  class="msg container title"
                  style="flex-direction: row; align-items: center;"
                  tabindex="0"
                >
                  <label
                    __self="[object Object]"
                    __source="[object Object]"
                    class="msg label"
                    data-tooltip="expand"
                  >
                    SECOND SECTION
                  </label>
                  <div
                    __self="[object Object]"
                    __source="[object Object]"
                    class="msg container actions"
                    style="flex-direction: row; justify-content: flex-end; align-items: center;"
                  />
                </div>
                <div
                  __self="[object Object]"
                  __source="[object Object]"
                  class="msg container content"
                  style="flex-direction: column;"
                  tabindex="0"
                >
                  <div
                    __self="[object Object]"
                    __source="[object Object]"
                    class="msg container accordionItem"
                    id="item5"
                    style="flex-direction: row; align-items: center;"
                    tabindex="0"
                  >
                    <img
                      __self="[object Object]"
                      __source="[object Object]"
                      class="msg image"
                      height="0"
                      src="connections.svg"
                      width="0"
                    />
                    <span
                      __self="[object Object]"
                      __source="[object Object]"
                      class="msg label"
                      data-tooltip="expand"
                    >
                      Item 5
                    </span>
                  </div>
                  <div
                    __self="[object Object]"
                    __source="[object Object]"
                    class="msg container accordionItem"
                    id="item6"
                    style="flex-direction: row; align-items: center;"
                    tabindex="0"
                  >
                    <img
                      __self="[object Object]"
                      __source="[object Object]"
                      class="msg image"
                      height="0"
                      src="connections.svg"
                      width="0"
                    />
                    <span
                      __self="[object Object]"
                      __source="[object Object]"
                      class="msg label"
                      data-tooltip="expand"
                    >
                      Item 6
                    </span>
                  </div>
                  <div
                    __self="[object Object]"
                    __source="[object Object]"
                    class="msg container accordionItem"
                    id="item7"
                    style="flex-direction: row; align-items: center;"
                    tabindex="0"
                  >
                    <img
                      __self="[object Object]"
                      __source="[object Object]"
                      class="msg image"
                      height="0"
                      src="connections.svg"
                      width="0"
                    />
                    <span
                      __self="[object Object]"
                      __source="[object Object]"
                      class="msg label"
                      data-tooltip="expand"
                    >
                      Item 7
                    </span>
                  </div>
                </div>
              </div>
            </div>
            <div
              __self="[object Object]"
              __source="[object Object]"
              class="msg container splitHost"
              id="thirdHost"
              style="flex-direction: column; justify-content: stretch; height: -1px; top: -2px;"
            >
              <div
                __self="[object Object]"
                __source="[object Object]"
                class="msg container section expanded"
                style="flex-direction: column;"
              >
                <div
                  __self="[object Object]"
                  __source="[object Object]"
                  class="msg container title"
                  style="flex-direction: row; align-items: center;"
                  tabindex="0"
                >
                  <label
                    __self="[object Object]"
                    __source="[object Object]"
                    class="msg label"
                    data-tooltip="expand"
                  >
                    THIRD SECTION
                  </label>
                  <div
                    __self="[object Object]"
                    __source="[object Object]"
                    class="msg container actions"
                    style="flex-direction: row; justify-content: flex-end; align-items: center;"
                  />
                </div>
                <div
                  __self="[object Object]"
                  __source="[object Object]"
                  class="msg container content"
                  style="flex-direction: column;"
                  tabindex="0"
                >
                  <div
                    __self="[object Object]"
                    __source="[object Object]"
                    class="msg container accordionItem"
                    id="item9"
                    style="flex-direction: row; align-items: center;"
                    tabindex="0"
                  >
                    <span
                      __self="[object Object]"
                      __source="[object Object]"
                      class="msg label"
                      data-tooltip="expand"
                    >
                      Item 9
                    </span>
                  </div>
                  <div
                    __self="[object Object]"
                    __source="[object Object]"
                    class="msg container accordionItem"
                    id="item10"
                    style="flex-direction: row; align-items: center;"
                    tabindex="0"
                  >
                    <span
                      __self="[object Object]"
                      __source="[object Object]"
                      class="msg label"
                      data-tooltip="expand"
                    >
                      Item 10
                    </span>
                  </div>
                  <div
                    __self="[object Object]"
                    __source="[object Object]"
                    class="msg container accordionItem"
                    id="item11"
                    style="flex-direction: row; align-items: center;"
                    tabindex="0"
                  >
                    <span
                      __self="[object Object]"
                      __source="[object Object]"
                      class="msg label"
                      data-tooltip="expand"
                    >
                      Item 11
                    </span>
                  </div>
                </div>
              </div>
            </div>
          </div>
        </div>
        <label
          __self="[object Object]"
          __source="[object Object]"
          class="msg label footer"
          data-tooltip="expand"
        >
          Lorem ipsum dolor sit amen, consenter
        </label>
      </div>
    </div>
  </body>,
  "container": <div>
    <div
      __self="[object Object]"
      __source="[object Object]"
      class="msg container accordion"
      id="sidebar1"
      style="flex-direction: column; justify-content: flex-start; border-width: 1px; border-style: solid;"
    >
      <label
        __self="[object Object]"
        __source="[object Object]"
        class="msg label title"
        data-tooltip="expand"
      >
        SIDEBAR TITLE
      </label>
      <div
        __self="[object Object]"
        __source="[object Object]"
        class="msg splitContainer accordionContent resizing"
      >
        <div
          __self="[object Object]"
          __source="[object Object]"
          class="sashContainer"
        >
          <div
            __self="[object Object]"
            __source="[object Object]"
            class="msg divider horizontal sash disabled"
            id="firstSash"
            style="top: -4px;"
          />
          <div
            __self="[object Object]"
            __source="[object Object]"
            class="msg divider horizontal sash disabled"
            id="secondSash"
            style="top: -5px;"
          />
        </div>
        <div
          __self="[object Object]"
          __source="[object Object]"
          class="splitContentContainer"
        >
          <div
            __self="[object Object]"
            __source="[object Object]"
            class="msg container splitHost"
            id="firstHost"
            style="flex-direction: column; justify-content: stretch; height: -1px; top: 0px;"
          >
            <div
              __self="[object Object]"
              __source="[object Object]"
              class="msg container section"
              style="flex-direction: column;"
            >
              <div
                __self="[object Object]"
                __source="[object Object]"
                class="msg container title"
                style="flex-direction: row; align-items: center;"
                tabindex="0"
              >
                <label
                  __self="[object Object]"
                  __source="[object Object]"
                  class="msg label"
                  data-tooltip="expand"
                >
                  FIRST SECTION
                </label>
                <div
                  __self="[object Object]"
                  __source="[object Object]"
                  class="msg container actions"
                  style="flex-direction: row; justify-content: flex-end; align-items: center;"
                />
              </div>
              <div
                __self="[object Object]"
                __source="[object Object]"
                class="msg container content"
                style="flex-direction: column;"
                tabindex="0"
              >
                <div
                  __self="[object Object]"
                  __source="[object Object]"
                  class="msg container accordionItem"
                  id="item1"
                  style="flex-direction: row; align-items: center;"
                  tabindex="0"
                >
                  <span
                    __self="[object Object]"
                    __source="[object Object]"
                    class="msg label"
                    data-tooltip="expand"
                  >
                    Item 1
                  </span>
                </div>
                <div
                  __self="[object Object]"
                  __source="[object Object]"
                  class="msg container accordionItem"
                  id="item2"
                  style="flex-direction: row; align-items: center;"
                  tabindex="0"
                >
                  <span
                    __self="[object Object]"
                    __source="[object Object]"
                    class="msg label"
                    data-tooltip="expand"
                  >
                    Item 2
                  </span>
                </div>
                <div
                  __self="[object Object]"
                  __source="[object Object]"
                  class="msg container accordionItem"
                  id="item3"
                  style="flex-direction: row; align-items: center;"
                  tabindex="0"
                >
                  <span
                    __self="[object Object]"
                    __source="[object Object]"
                    class="msg label"
                    data-tooltip="expand"
                  >
                    Item 3
                  </span>
                </div>
              </div>
            </div>
          </div>
          <div
            __self="[object Object]"
            __source="[object Object]"
            class="msg container splitHost"
            id="secondHost"
            style="flex-direction: column; justify-content: stretch; height: -1px; top: -1px;"
          >
            <div
              __self="[object Object]"
              __source="[object Object]"
              class="msg container section expanded"
              style="flex-direction: column;"
            >
              <div
                __self="[object Object]"
                __source="[object Object]"
                class="msg container title"
                style="flex-direction: row; align-items: center;"
                tabindex="0"
              >
                <label
                  __self="[object Object]"
                  __source="[object Object]"
                  class="msg label"
                  data-tooltip="expand"
                >
                  SECOND SECTION
                </label>
                <div
                  __self="[object Object]"
                  __source="[object Object]"
                  class="msg container actions"
                  style="flex-direction: row; justify-content: flex-end; align-items: center;"
                />
              </div>
              <div
                __self="[object Object]"
                __source="[object Object]"
                class="msg container content"
                style="flex-direction: column;"
                tabindex="0"
              >
                <div
                  __self="[object Object]"
                  __source="[object Object]"
                  class="msg container accordionItem"
                  id="item5"
                  style="flex-direction: row; align-items: center;"
                  tabindex="0"
                >
                  <img
                    __self="[object Object]"
                    __source="[object Object]"
                    class="msg image"
                    height="0"
                    src="connections.svg"
                    width="0"
                  />
                  <span
                    __self="[object Object]"
                    __source="[object Object]"
                    class="msg label"
                    data-tooltip="expand"
                  >
                    Item 5
                  </span>
                </div>
                <div
                  __self="[object Object]"
                  __source="[object Object]"
                  class="msg container accordionItem"
                  id="item6"
                  style="flex-direction: row; align-items: center;"
                  tabindex="0"
                >
                  <img
                    __self="[object Object]"
                    __source="[object Object]"
                    class="msg image"
                    height="0"
                    src="connections.svg"
                    width="0"
                  />
                  <span
                    __self="[object Object]"
                    __source="[object Object]"
                    class="msg label"
                    data-tooltip="expand"
                  >
                    Item 6
                  </span>
                </div>
                <div
                  __self="[object Object]"
                  __source="[object Object]"
                  class="msg container accordionItem"
                  id="item7"
                  style="flex-direction: row; align-items: center;"
                  tabindex="0"
                >
                  <img
                    __self="[object Object]"
                    __source="[object Object]"
                    class="msg image"
                    height="0"
                    src="connections.svg"
                    width="0"
                  />
                  <span
                    __self="[object Object]"
                    __source="[object Object]"
                    class="msg label"
                    data-tooltip="expand"
                  >
                    Item 7
                  </span>
                </div>
              </div>
            </div>
          </div>
          <div
            __self="[object Object]"
            __source="[object Object]"
            class="msg container splitHost"
            id="thirdHost"
            style="flex-direction: column; justify-content: stretch; height: -1px; top: -2px;"
          >
            <div
              __self="[object Object]"
              __source="[object Object]"
              class="msg container section expanded"
              style="flex-direction: column;"
            >
              <div
                __self="[object Object]"
                __source="[object Object]"
                class="msg container title"
                style="flex-direction: row; align-items: center;"
                tabindex="0"
              >
                <label
                  __self="[object Object]"
                  __source="[object Object]"
                  class="msg label"
                  data-tooltip="expand"
                >
                  THIRD SECTION
                </label>
                <div
                  __self="[object Object]"
                  __source="[object Object]"
                  class="msg container actions"
                  style="flex-direction: row; justify-content: flex-end; align-items: center;"
                />
              </div>
              <div
                __self="[object Object]"
                __source="[object Object]"
                class="msg container content"
                style="flex-direction: column;"
                tabindex="0"
              >
                <div
                  __self="[object Object]"
                  __source="[object Object]"
                  class="msg container accordionItem"
                  id="item9"
                  style="flex-direction: row; align-items: center;"
                  tabindex="0"
                >
                  <span
                    __self="[object Object]"
                    __source="[object Object]"
                    class="msg label"
                    data-tooltip="expand"
                  >
                    Item 9
                  </span>
                </div>
                <div
                  __self="[object Object]"
                  __source="[object Object]"
                  class="msg container accordionItem"
                  id="item10"
                  style="flex-direction: row; align-items: center;"
                  tabindex="0"
                >
                  <span
                    __self="[object Object]"
                    __source="[object Object]"
                    class="msg label"
                    data-tooltip="expand"
                  >
                    Item 10
                  </span>
                </div>
                <div
                  __self="[object Object]"
                  __source="[object Object]"
                  class="msg container accordionItem"
                  id="item11"
                  style="flex-direction: row; align-items: center;"
                  tabindex="0"
                >
                  <span
                    __self="[object Object]"
                    __source="[object Object]"
                    class="msg label"
                    data-tooltip="expand"
                  >
                    Item 11
                  </span>
                </div>
              </div>
            </div>
          </div>
        </div>
      </div>
      <label
        __self="[object Object]"
        __source="[object Object]"
        class="msg label footer"
        data-tooltip="expand"
      >
        Lorem ipsum dolor sit amen, consenter
      </label>
    </div>
  </div>,
  "debug": [Function],
  "findAllByAltText": [Function],
  "findAllByDisplayValue": [Function],
  "findAllByLabelText": [Function],
  "findAllByPlaceholderText": [Function],
  "findAllByRole": [Function],
  "findAllByTestId": [Function],
  "findAllByText": [Function],
  "findAllByTitle": [Function],
  "findByAltText": [Function],
  "findByDisplayValue": [Function],
  "findByLabelText": [Function],
  "findByPlaceholderText": [Function],
  "findByRole": [Function],
  "findByTestId": [Function],
  "findByText": [Function],
  "findByTitle": [Function],
  "getAllByAltText": [Function],
  "getAllByDisplayValue": [Function],
  "getAllByLabelText": [Function],
  "getAllByPlaceholderText": [Function],
  "getAllByRole": [Function],
  "getAllByTestId": [Function],
  "getAllByText": [Function],
  "getAllByTitle": [Function],
  "getByAltText": [Function],
  "getByDisplayValue": [Function],
  "getByLabelText": [Function],
  "getByPlaceholderText": [Function],
  "getByRole": [Function],
  "getByTestId": [Function],
  "getByText": [Function],
  "getByTitle": [Function],
  "queryAllByAltText": [Function],
  "queryAllByDisplayValue": [Function],
  "queryAllByLabelText": [Function],
  "queryAllByPlaceholderText": [Function],
  "queryAllByRole": [Function],
  "queryAllByTestId": [Function],
  "queryAllByText": [Function],
  "queryAllByTitle": [Function],
  "queryByAltText": [Function],
  "queryByDisplayValue": [Function],
  "queryByLabelText": [Function],
  "queryByPlaceholderText": [Function],
  "queryByRole": [Function],
  "queryByTestId": [Function],
  "queryByText": [Function],
  "queryByTitle": [Function],
  "rerender": [Function],
  "unmount": [Function],
}
`;
