// Jest Snapshot v1, https://goo.gl/fbAQLP

exports[`CalendarView testing Render test 1`] = `
<CalendarView
  date={Object {}}
  onChangeMonth={[Function]}
  onSelect={[Function]}
>
  <Grid
    className="msg calendarView"
    columns={7}
  >
    <div
      className="msg grid calendarView"
      style={
        Object {
          "columnGap": undefined,
          "gridTemplateColumns": "repeat(7, 1fr)",
          "rowGap": undefined,
        }
      }
    >
      <GridCell
        className="header"
      >
        <Container
          className="msg gridCell header"
          orientation="row"
          style={Object {}}
        >
          <div
            className="msg container fixedScrollbar gridCell header"
            style={
              Object {
                "alignItems": undefined,
                "flexDirection": "row",
                "flexWrap": undefined,
                "justifyContent": undefined,
              }
            }
          >
            <Button
              id="prevMonthButton"
              onClick={[Function]}
            >
              <button
                className="msg button"
                id="prevMonthButton"
                onClick={[Function]}
                onMouseDown={[Function]}
                style={
                  Object {
                    "flexDirection": undefined,
                  }
                }
              />
            </Button>
          </div>
        </Container>
      </GridCell>
      <GridCell
        className="header"
        columnSpan={5}
        crossAlignment="center"
      >
        <Container
          className="msg gridCell header"
          crossAlignment="center"
          orientation="row"
          style={
            Object {
              "gridColumn": "span 5",
            }
          }
        >
          <div
            className="msg container fixedScrollbar gridCell header"
            style={
              Object {
                "alignItems": "center",
                "flexDirection": "row",
                "flexWrap": undefined,
                "gridColumn": "span 5",
                "justifyContent": undefined,
              }
            }
          >
            <Label
              caption="May 2022"
              id="title"
            >
              <label
                className="msg label"
                data-tooltip="expand"
                id="title"
                style={
                  Object {
                    "textAlign": undefined,
                  }
                }
              >
                May 2022
              </label>
            </Label>
          </div>
        </Container>
      </GridCell>
      <GridCell
        className="header"
      >
        <Container
          className="msg gridCell header"
          orientation="row"
          style={Object {}}
        >
          <div
            className="msg container fixedScrollbar gridCell header"
            style={
              Object {
                "alignItems": undefined,
                "flexDirection": "row",
                "flexWrap": undefined,
                "justifyContent": undefined,
              }
            }
          >
            <Button
              id="nextMonthButton"
              onClick={[Function]}
            >
              <button
                className="msg button"
                id="nextMonthButton"
                onClick={[Function]}
                onMouseDown={[Function]}
                style={
                  Object {
                    "flexDirection": undefined,
                  }
                }
              />
            </Button>
          </div>
        </Container>
      </GridCell>
      <GridCell
        className="header"
        key="Mon"
      >
        <Container
          className="msg gridCell header"
          orientation="row"
          style={Object {}}
        >
          <div
            className="msg container fixedScrollbar gridCell header"
            style={
              Object {
                "alignItems": undefined,
                "flexDirection": "row",
                "flexWrap": undefined,
                "justifyContent": undefined,
              }
            }
          >
            Mon
          </div>
        </Container>
      </GridCell>
      <GridCell
        className="header"
        key="Tue"
      >
        <Container
          className="msg gridCell header"
          orientation="row"
          style={Object {}}
        >
          <div
            className="msg container fixedScrollbar gridCell header"
            style={
              Object {
                "alignItems": undefined,
                "flexDirection": "row",
                "flexWrap": undefined,
                "justifyContent": undefined,
              }
            }
          >
            Tue
          </div>
        </Container>
      </GridCell>
      <GridCell
        className="header"
        key="Wed"
      >
        <Container
          className="msg gridCell header"
          orientation="row"
          style={Object {}}
        >
          <div
            className="msg container fixedScrollbar gridCell header"
            style={
              Object {
                "alignItems": undefined,
                "flexDirection": "row",
                "flexWrap": undefined,
                "justifyContent": undefined,
              }
            }
          >
            Wed
          </div>
        </Container>
      </GridCell>
      <GridCell
        className="header"
        key="Thu"
      >
        <Container
          className="msg gridCell header"
          orientation="row"
          style={Object {}}
        >
          <div
            className="msg container fixedScrollbar gridCell header"
            style={
              Object {
                "alignItems": undefined,
                "flexDirection": "row",
                "flexWrap": undefined,
                "justifyContent": undefined,
              }
            }
          >
            Thu
          </div>
        </Container>
      </GridCell>
      <GridCell
        className="header"
        key="Fri"
      >
        <Container
          className="msg gridCell header"
          orientation="row"
          style={Object {}}
        >
          <div
            className="msg container fixedScrollbar gridCell header"
            style={
              Object {
                "alignItems": undefined,
                "flexDirection": "row",
                "flexWrap": undefined,
                "justifyContent": undefined,
              }
            }
          >
            Fri
          </div>
        </Container>
      </GridCell>
      <GridCell
        className="header"
        key="Sat"
      >
        <Container
          className="msg gridCell header"
          orientation="row"
          style={Object {}}
        >
          <div
            className="msg container fixedScrollbar gridCell header"
            style={
              Object {
                "alignItems": undefined,
                "flexDirection": "row",
                "flexWrap": undefined,
                "justifyContent": undefined,
              }
            }
          >
            Sat
          </div>
        </Container>
      </GridCell>
      <GridCell
        className="header"
        key="Sun"
      >
        <Container
          className="msg gridCell header"
          orientation="row"
          style={Object {}}
        >
          <div
            className="msg container fixedScrollbar gridCell header"
            style={
              Object {
                "alignItems": undefined,
                "flexDirection": "row",
                "flexWrap": undefined,
                "justifyContent": undefined,
              }
            }
          >
            Sun
          </div>
        </Container>
      </GridCell>
      <GridCell
        key="preDay0"
      >
        <Container
          className="msg gridCell"
          orientation="row"
          style={Object {}}
        >
          <div
            className="msg container fixedScrollbar gridCell"
            style={
              Object {
                "alignItems": undefined,
                "flexDirection": "row",
                "flexWrap": undefined,
                "justifyContent": undefined,
              }
            }
          />
        </Container>
      </GridCell>
      <GridCell
        key="preDay1"
      >
        <Container
          className="msg gridCell"
          orientation="row"
          style={Object {}}
        >
          <div
            className="msg container fixedScrollbar gridCell"
            style={
              Object {
                "alignItems": undefined,
                "flexDirection": "row",
                "flexWrap": undefined,
                "justifyContent": undefined,
              }
            }
          />
        </Container>
      </GridCell>
      <GridCell
        key="preDay2"
      >
        <Container
          className="msg gridCell"
          orientation="row"
          style={Object {}}
        >
          <div
            className="msg container fixedScrollbar gridCell"
            style={
              Object {
                "alignItems": undefined,
                "flexDirection": "row",
                "flexWrap": undefined,
                "justifyContent": undefined,
              }
            }
          />
        </Container>
      </GridCell>
      <GridCell
        key="preDay3"
      >
        <Container
          className="msg gridCell"
          orientation="row"
          style={Object {}}
        >
          <div
            className="msg container fixedScrollbar gridCell"
            style={
              Object {
                "alignItems": undefined,
                "flexDirection": "row",
                "flexWrap": undefined,
                "justifyContent": undefined,
              }
            }
          />
        </Container>
      </GridCell>
      <GridCell
        key="preDay4"
      >
        <Container
          className="msg gridCell"
          orientation="row"
          style={Object {}}
        >
          <div
            className="msg container fixedScrollbar gridCell"
            style={
              Object {
                "alignItems": undefined,
                "flexDirection": "row",
                "flexWrap": undefined,
                "justifyContent": undefined,
              }
            }
          />
        </Container>
      </GridCell>
      <GridCell
        key="preDay5"
      >
        <Container
          className="msg gridCell"
          orientation="row"
          style={Object {}}
        >
          <div
            className="msg container fixedScrollbar gridCell"
            style={
              Object {
                "alignItems": undefined,
                "flexDirection": "row",
                "flexWrap": undefined,
                "justifyContent": undefined,
              }
            }
          />
        </Container>
      </GridCell>
      <GridCell
        key="day1"
      >
        <Container
          className="msg gridCell"
          orientation="row"
          style={Object {}}
        >
          <div
            className="msg container fixedScrollbar gridCell"
            style={
              Object {
                "alignItems": undefined,
                "flexDirection": "row",
                "flexWrap": undefined,
                "justifyContent": undefined,
              }
            }
          >
            <Button
              caption="1"
              onClick={[Function]}
            >
              <button
                caption="1"
                className="msg button"
                onClick={[Function]}
                onMouseDown={[Function]}
                style={
                  Object {
                    "flexDirection": undefined,
                  }
                }
              >
                1
              </button>
            </Button>
          </div>
        </Container>
      </GridCell>
      <GridCell
        key="day2"
      >
        <Container
          className="msg gridCell"
          orientation="row"
          style={Object {}}
        >
          <div
            className="msg container fixedScrollbar gridCell"
            style={
              Object {
                "alignItems": undefined,
                "flexDirection": "row",
                "flexWrap": undefined,
                "justifyContent": undefined,
              }
            }
          >
            <Button
              caption="2"
              onClick={[Function]}
            >
              <button
                caption="2"
                className="msg button"
                onClick={[Function]}
                onMouseDown={[Function]}
                style={
                  Object {
                    "flexDirection": undefined,
                  }
                }
              >
                2
              </button>
            </Button>
          </div>
        </Container>
      </GridCell>
      <GridCell
        key="day3"
      >
        <Container
          className="msg gridCell"
          orientation="row"
          style={Object {}}
        >
          <div
            className="msg container fixedScrollbar gridCell"
            style={
              Object {
                "alignItems": undefined,
                "flexDirection": "row",
                "flexWrap": undefined,
                "justifyContent": undefined,
              }
            }
          >
            <Button
              caption="3"
              onClick={[Function]}
            >
              <button
                caption="3"
                className="msg button"
                onClick={[Function]}
                onMouseDown={[Function]}
                style={
                  Object {
                    "flexDirection": undefined,
                  }
                }
              >
                3
              </button>
            </Button>
          </div>
        </Container>
      </GridCell>
      <GridCell
        key="day4"
      >
        <Container
          className="msg gridCell"
          orientation="row"
          style={Object {}}
        >
          <div
            className="msg container fixedScrollbar gridCell"
            style={
              Object {
                "alignItems": undefined,
                "flexDirection": "row",
                "flexWrap": undefined,
                "justifyContent": undefined,
              }
            }
          >
            <Button
              caption="4"
              onClick={[Function]}
            >
              <button
                caption="4"
                className="msg button"
                onClick={[Function]}
                onMouseDown={[Function]}
                style={
                  Object {
                    "flexDirection": undefined,
                  }
                }
              >
                4
              </button>
            </Button>
          </div>
        </Container>
      </GridCell>
      <GridCell
        key="day5"
      >
        <Container
          className="msg gridCell"
          orientation="row"
          style={Object {}}
        >
          <div
            className="msg container fixedScrollbar gridCell"
            style={
              Object {
                "alignItems": undefined,
                "flexDirection": "row",
                "flexWrap": undefined,
                "justifyContent": undefined,
              }
            }
          >
            <Button
              caption="5"
              onClick={[Function]}
            >
              <button
                caption="5"
                className="msg button"
                onClick={[Function]}
                onMouseDown={[Function]}
                style={
                  Object {
                    "flexDirection": undefined,
                  }
                }
              >
                5
              </button>
            </Button>
          </div>
        </Container>
      </GridCell>
      <GridCell
        key="day6"
      >
        <Container
          className="msg gridCell"
          orientation="row"
          style={Object {}}
        >
          <div
            className="msg container fixedScrollbar gridCell"
            style={
              Object {
                "alignItems": undefined,
                "flexDirection": "row",
                "flexWrap": undefined,
                "justifyContent": undefined,
              }
            }
          >
            <Button
              caption="6"
              onClick={[Function]}
            >
              <button
                caption="6"
                className="msg button"
                onClick={[Function]}
                onMouseDown={[Function]}
                style={
                  Object {
                    "flexDirection": undefined,
                  }
                }
              >
                6
              </button>
            </Button>
          </div>
        </Container>
      </GridCell>
      <GridCell
        key="day7"
      >
        <Container
          className="msg gridCell"
          orientation="row"
          style={Object {}}
        >
          <div
            className="msg container fixedScrollbar gridCell"
            style={
              Object {
                "alignItems": undefined,
                "flexDirection": "row",
                "flexWrap": undefined,
                "justifyContent": undefined,
              }
            }
          >
            <Button
              caption="7"
              onClick={[Function]}
            >
              <button
                caption="7"
                className="msg button"
                onClick={[Function]}
                onMouseDown={[Function]}
                style={
                  Object {
                    "flexDirection": undefined,
                  }
                }
              >
                7
              </button>
            </Button>
          </div>
        </Container>
      </GridCell>
      <GridCell
        key="day8"
      >
        <Container
          className="msg gridCell"
          orientation="row"
          style={Object {}}
        >
          <div
            className="msg container fixedScrollbar gridCell"
            style={
              Object {
                "alignItems": undefined,
                "flexDirection": "row",
                "flexWrap": undefined,
                "justifyContent": undefined,
              }
            }
          >
            <Button
              caption="8"
              onClick={[Function]}
            >
              <button
                caption="8"
                className="msg button"
                onClick={[Function]}
                onMouseDown={[Function]}
                style={
                  Object {
                    "flexDirection": undefined,
                  }
                }
              >
                8
              </button>
            </Button>
          </div>
        </Container>
      </GridCell>
      <GridCell
        key="day9"
      >
        <Container
          className="msg gridCell"
          orientation="row"
          style={Object {}}
        >
          <div
            className="msg container fixedScrollbar gridCell"
            style={
              Object {
                "alignItems": undefined,
                "flexDirection": "row",
                "flexWrap": undefined,
                "justifyContent": undefined,
              }
            }
          >
            <Button
              caption="9"
              onClick={[Function]}
            >
              <button
                caption="9"
                className="msg button"
                onClick={[Function]}
                onMouseDown={[Function]}
                style={
                  Object {
                    "flexDirection": undefined,
                  }
                }
              >
                9
              </button>
            </Button>
          </div>
        </Container>
      </GridCell>
      <GridCell
        key="day10"
      >
        <Container
          className="msg gridCell"
          orientation="row"
          style={Object {}}
        >
          <div
            className="msg container fixedScrollbar gridCell"
            style={
              Object {
                "alignItems": undefined,
                "flexDirection": "row",
                "flexWrap": undefined,
                "justifyContent": undefined,
              }
            }
          >
            <Button
              caption="10"
              onClick={[Function]}
            >
              <button
                caption="10"
                className="msg button"
                onClick={[Function]}
                onMouseDown={[Function]}
                style={
                  Object {
                    "flexDirection": undefined,
                  }
                }
              >
                10
              </button>
            </Button>
          </div>
        </Container>
      </GridCell>
      <GridCell
        key="day11"
      >
        <Container
          className="msg gridCell"
          orientation="row"
          style={Object {}}
        >
          <div
            className="msg container fixedScrollbar gridCell"
            style={
              Object {
                "alignItems": undefined,
                "flexDirection": "row",
                "flexWrap": undefined,
                "justifyContent": undefined,
              }
            }
          >
            <Button
              caption="11"
              onClick={[Function]}
            >
              <button
                caption="11"
                className="msg button"
                onClick={[Function]}
                onMouseDown={[Function]}
                style={
                  Object {
                    "flexDirection": undefined,
                  }
                }
              >
                11
              </button>
            </Button>
          </div>
        </Container>
      </GridCell>
      <GridCell
        key="day12"
      >
        <Container
          className="msg gridCell"
          orientation="row"
          style={Object {}}
        >
          <div
            className="msg container fixedScrollbar gridCell"
            style={
              Object {
                "alignItems": undefined,
                "flexDirection": "row",
                "flexWrap": undefined,
                "justifyContent": undefined,
              }
            }
          >
            <Button
              caption="12"
              onClick={[Function]}
            >
              <button
                caption="12"
                className="msg button"
                onClick={[Function]}
                onMouseDown={[Function]}
                style={
                  Object {
                    "flexDirection": undefined,
                  }
                }
              >
                12
              </button>
            </Button>
          </div>
        </Container>
      </GridCell>
      <GridCell
        key="day13"
      >
        <Container
          className="msg gridCell"
          orientation="row"
          style={Object {}}
        >
          <div
            className="msg container fixedScrollbar gridCell"
            style={
              Object {
                "alignItems": undefined,
                "flexDirection": "row",
                "flexWrap": undefined,
                "justifyContent": undefined,
              }
            }
          >
            <Button
              caption="13"
              onClick={[Function]}
            >
              <button
                caption="13"
                className="msg button"
                onClick={[Function]}
                onMouseDown={[Function]}
                style={
                  Object {
                    "flexDirection": undefined,
                  }
                }
              >
                13
              </button>
            </Button>
          </div>
        </Container>
      </GridCell>
      <GridCell
        key="day14"
      >
        <Container
          className="msg gridCell"
          orientation="row"
          style={Object {}}
        >
          <div
            className="msg container fixedScrollbar gridCell"
            style={
              Object {
                "alignItems": undefined,
                "flexDirection": "row",
                "flexWrap": undefined,
                "justifyContent": undefined,
              }
            }
          >
            <Button
              caption="14"
              onClick={[Function]}
            >
              <button
                caption="14"
                className="msg button"
                onClick={[Function]}
                onMouseDown={[Function]}
                style={
                  Object {
                    "flexDirection": undefined,
                  }
                }
              >
                14
              </button>
            </Button>
          </div>
        </Container>
      </GridCell>
      <GridCell
        key="day15"
      >
        <Container
          className="msg gridCell"
          orientation="row"
          style={Object {}}
        >
          <div
            className="msg container fixedScrollbar gridCell"
            style={
              Object {
                "alignItems": undefined,
                "flexDirection": "row",
                "flexWrap": undefined,
                "justifyContent": undefined,
              }
            }
          >
            <Button
              caption="15"
              onClick={[Function]}
            >
              <button
                caption="15"
                className="msg button"
                onClick={[Function]}
                onMouseDown={[Function]}
                style={
                  Object {
                    "flexDirection": undefined,
                  }
                }
              >
                15
              </button>
            </Button>
          </div>
        </Container>
      </GridCell>
      <GridCell
        key="day16"
      >
        <Container
          className="msg gridCell"
          orientation="row"
          style={Object {}}
        >
          <div
            className="msg container fixedScrollbar gridCell"
            style={
              Object {
                "alignItems": undefined,
                "flexDirection": "row",
                "flexWrap": undefined,
                "justifyContent": undefined,
              }
            }
          >
            <Button
              caption="16"
              onClick={[Function]}
            >
              <button
                caption="16"
                className="msg button"
                onClick={[Function]}
                onMouseDown={[Function]}
                style={
                  Object {
                    "flexDirection": undefined,
                  }
                }
              >
                16
              </button>
            </Button>
          </div>
        </Container>
      </GridCell>
      <GridCell
        key="day17"
      >
        <Container
          className="msg gridCell"
          orientation="row"
          style={Object {}}
        >
          <div
            className="msg container fixedScrollbar gridCell"
            style={
              Object {
                "alignItems": undefined,
                "flexDirection": "row",
                "flexWrap": undefined,
                "justifyContent": undefined,
              }
            }
          >
            <Button
              caption="17"
              onClick={[Function]}
            >
              <button
                caption="17"
                className="msg button"
                onClick={[Function]}
                onMouseDown={[Function]}
                style={
                  Object {
                    "flexDirection": undefined,
                  }
                }
              >
                17
              </button>
            </Button>
          </div>
        </Container>
      </GridCell>
      <GridCell
        key="day18"
      >
        <Container
          className="msg gridCell"
          orientation="row"
          style={Object {}}
        >
          <div
            className="msg container fixedScrollbar gridCell"
            style={
              Object {
                "alignItems": undefined,
                "flexDirection": "row",
                "flexWrap": undefined,
                "justifyContent": undefined,
              }
            }
          >
            <Button
              caption="18"
              onClick={[Function]}
            >
              <button
                caption="18"
                className="msg button"
                onClick={[Function]}
                onMouseDown={[Function]}
                style={
                  Object {
                    "flexDirection": undefined,
                  }
                }
              >
                18
              </button>
            </Button>
          </div>
        </Container>
      </GridCell>
      <GridCell
        key="day19"
      >
        <Container
          className="msg gridCell"
          orientation="row"
          style={Object {}}
        >
          <div
            className="msg container fixedScrollbar gridCell"
            style={
              Object {
                "alignItems": undefined,
                "flexDirection": "row",
                "flexWrap": undefined,
                "justifyContent": undefined,
              }
            }
          >
            <Button
              caption="19"
              onClick={[Function]}
            >
              <button
                caption="19"
                className="msg button"
                onClick={[Function]}
                onMouseDown={[Function]}
                style={
                  Object {
                    "flexDirection": undefined,
                  }
                }
              >
                19
              </button>
            </Button>
          </div>
        </Container>
      </GridCell>
      <GridCell
        key="day20"
      >
        <Container
          className="msg gridCell"
          orientation="row"
          style={Object {}}
        >
          <div
            className="msg container fixedScrollbar gridCell"
            style={
              Object {
                "alignItems": undefined,
                "flexDirection": "row",
                "flexWrap": undefined,
                "justifyContent": undefined,
              }
            }
          >
            <Button
              caption="20"
              onClick={[Function]}
            >
              <button
                caption="20"
                className="msg button"
                onClick={[Function]}
                onMouseDown={[Function]}
                style={
                  Object {
                    "flexDirection": undefined,
                  }
                }
              >
                20
              </button>
            </Button>
          </div>
        </Container>
      </GridCell>
      <GridCell
        key="day21"
      >
        <Container
          className="msg gridCell"
          orientation="row"
          style={Object {}}
        >
          <div
            className="msg container fixedScrollbar gridCell"
            style={
              Object {
                "alignItems": undefined,
                "flexDirection": "row",
                "flexWrap": undefined,
                "justifyContent": undefined,
              }
            }
          >
            <Button
              caption="21"
              onClick={[Function]}
            >
              <button
                caption="21"
                className="msg button"
                onClick={[Function]}
                onMouseDown={[Function]}
                style={
                  Object {
                    "flexDirection": undefined,
                  }
                }
              >
                21
              </button>
            </Button>
          </div>
        </Container>
      </GridCell>
      <GridCell
        key="day22"
      >
        <Container
          className="msg gridCell"
          orientation="row"
          style={Object {}}
        >
          <div
            className="msg container fixedScrollbar gridCell"
            style={
              Object {
                "alignItems": undefined,
                "flexDirection": "row",
                "flexWrap": undefined,
                "justifyContent": undefined,
              }
            }
          >
            <Button
              caption="22"
              onClick={[Function]}
            >
              <button
                caption="22"
                className="msg button"
                onClick={[Function]}
                onMouseDown={[Function]}
                style={
                  Object {
                    "flexDirection": undefined,
                  }
                }
              >
                22
              </button>
            </Button>
          </div>
        </Container>
      </GridCell>
      <GridCell
        key="day23"
      >
        <Container
          className="msg gridCell"
          orientation="row"
          style={Object {}}
        >
          <div
            className="msg container fixedScrollbar gridCell"
            style={
              Object {
                "alignItems": undefined,
                "flexDirection": "row",
                "flexWrap": undefined,
                "justifyContent": undefined,
              }
            }
          >
            <Button
              caption="23"
              onClick={[Function]}
            >
              <button
                caption="23"
                className="msg button"
                onClick={[Function]}
                onMouseDown={[Function]}
                style={
                  Object {
                    "flexDirection": undefined,
                  }
                }
              >
                23
              </button>
            </Button>
          </div>
        </Container>
      </GridCell>
      <GridCell
        key="day24"
      >
        <Container
          className="msg gridCell"
          orientation="row"
          style={Object {}}
        >
          <div
            className="msg container fixedScrollbar gridCell"
            style={
              Object {
                "alignItems": undefined,
                "flexDirection": "row",
                "flexWrap": undefined,
                "justifyContent": undefined,
              }
            }
          >
            <Button
              caption="24"
              onClick={[Function]}
            >
              <button
                caption="24"
                className="msg button"
                onClick={[Function]}
                onMouseDown={[Function]}
                style={
                  Object {
                    "flexDirection": undefined,
                  }
                }
              >
                24
              </button>
            </Button>
          </div>
        </Container>
      </GridCell>
      <GridCell
        key="day25"
      >
        <Container
          className="msg gridCell"
          orientation="row"
          style={Object {}}
        >
          <div
            className="msg container fixedScrollbar gridCell"
            style={
              Object {
                "alignItems": undefined,
                "flexDirection": "row",
                "flexWrap": undefined,
                "justifyContent": undefined,
              }
            }
          >
            <Button
              caption="25"
              onClick={[Function]}
            >
              <button
                caption="25"
                className="msg button"
                onClick={[Function]}
                onMouseDown={[Function]}
                style={
                  Object {
                    "flexDirection": undefined,
                  }
                }
              >
                25
              </button>
            </Button>
          </div>
        </Container>
      </GridCell>
      <GridCell
        key="day26"
      >
        <Container
          className="msg gridCell"
          orientation="row"
          style={Object {}}
        >
          <div
            className="msg container fixedScrollbar gridCell"
            style={
              Object {
                "alignItems": undefined,
                "flexDirection": "row",
                "flexWrap": undefined,
                "justifyContent": undefined,
              }
            }
          >
            <Button
              caption="26"
              onClick={[Function]}
            >
              <button
                caption="26"
                className="msg button"
                onClick={[Function]}
                onMouseDown={[Function]}
                style={
                  Object {
                    "flexDirection": undefined,
                  }
                }
              >
                26
              </button>
            </Button>
          </div>
        </Container>
      </GridCell>
      <GridCell
        key="day27"
      >
        <Container
          className="msg gridCell"
          orientation="row"
          style={Object {}}
        >
          <div
            className="msg container fixedScrollbar gridCell"
            style={
              Object {
                "alignItems": undefined,
                "flexDirection": "row",
                "flexWrap": undefined,
                "justifyContent": undefined,
              }
            }
          >
            <Button
              caption="27"
              onClick={[Function]}
            >
              <button
                caption="27"
                className="msg button"
                onClick={[Function]}
                onMouseDown={[Function]}
                style={
                  Object {
                    "flexDirection": undefined,
                  }
                }
              >
                27
              </button>
            </Button>
          </div>
        </Container>
      </GridCell>
      <GridCell
        key="day28"
      >
        <Container
          className="msg gridCell"
          orientation="row"
          style={Object {}}
        >
          <div
            className="msg container fixedScrollbar gridCell"
            style={
              Object {
                "alignItems": undefined,
                "flexDirection": "row",
                "flexWrap": undefined,
                "justifyContent": undefined,
              }
            }
          >
            <Button
              caption="28"
              onClick={[Function]}
            >
              <button
                caption="28"
                className="msg button"
                onClick={[Function]}
                onMouseDown={[Function]}
                style={
                  Object {
                    "flexDirection": undefined,
                  }
                }
              >
                28
              </button>
            </Button>
          </div>
        </Container>
      </GridCell>
      <GridCell
        key="day29"
      >
        <Container
          className="msg gridCell"
          orientation="row"
          style={Object {}}
        >
          <div
            className="msg container fixedScrollbar gridCell"
            style={
              Object {
                "alignItems": undefined,
                "flexDirection": "row",
                "flexWrap": undefined,
                "justifyContent": undefined,
              }
            }
          >
            <Button
              caption="29"
              onClick={[Function]}
            >
              <button
                caption="29"
                className="msg button"
                onClick={[Function]}
                onMouseDown={[Function]}
                style={
                  Object {
                    "flexDirection": undefined,
                  }
                }
              >
                29
              </button>
            </Button>
          </div>
        </Container>
      </GridCell>
      <GridCell
        key="day30"
      >
        <Container
          className="msg gridCell"
          orientation="row"
          style={Object {}}
        >
          <div
            className="msg container fixedScrollbar gridCell"
            style={
              Object {
                "alignItems": undefined,
                "flexDirection": "row",
                "flexWrap": undefined,
                "justifyContent": undefined,
              }
            }
          >
            <Button
              caption="30"
              onClick={[Function]}
            >
              <button
                caption="30"
                className="msg button"
                onClick={[Function]}
                onMouseDown={[Function]}
                style={
                  Object {
                    "flexDirection": undefined,
                  }
                }
              >
                30
              </button>
            </Button>
          </div>
        </Container>
      </GridCell>
      <GridCell
        key="day31"
      >
        <Container
          className="msg gridCell"
          orientation="row"
          style={Object {}}
        >
          <div
            className="msg container fixedScrollbar gridCell"
            style={
              Object {
                "alignItems": undefined,
                "flexDirection": "row",
                "flexWrap": undefined,
                "justifyContent": undefined,
              }
            }
          >
            <Button
              caption="31"
              onClick={[Function]}
            >
              <button
                caption="31"
                className="msg button"
                onClick={[Function]}
                onMouseDown={[Function]}
                style={
                  Object {
                    "flexDirection": undefined,
                  }
                }
              >
                31
              </button>
            </Button>
          </div>
        </Container>
      </GridCell>
    </div>
  </Grid>
</CalendarView>
`;
