// Jest Snapshot v1, https://goo.gl/fbAQLP

exports[`Icon component tests Standard Rendering 1`] = `
<Icon
  disabled={false}
  src="close.svg"
>
  <div
    className="msg icon"
    style={
      {
        "WebkitMaskImage": "url("close.svg")",
        "backgroundColor": undefined,
        "height": undefined,
        "maskComposite": "subtract",
        "maskImage": "url("close.svg")",
        "maskSize": "100% 100%",
        "width": undefined,
      }
    }
  />
</Icon>
`;
