// Vitest Snapshot v1, https://vitest.dev/guide/snapshot.html

exports[`Menu component tests > Test Menu output (snapshot) 1`] = `<div />`;

exports[`Menu component tests > Test MenuBar output (snapshot) 1`] = `
<div>
  <div
    class="msg container fixedScrollbar menubar"
    style="flex-direction: row; align-items: center;"
  >
    <div
      class="msg container menuItem nohover submenu"
      id="fileMenu"
      style="flex-direction: row;"
    >
      <label
        class="msg label"
        data-tooltip="expand"
      >
        File
      </label>
    </div>
    <div
      class="msg container menuItem nohover submenu"
      id="editMenu"
      style="flex-direction: row;"
    >
      <label
        class="msg label"
        data-tooltip="expand"
      >
        Edit
      </label>
    </div>
    <div
      class="msg container menuItem nohover submenu"
      id="selectionMenu"
      style="flex-direction: row;"
    >
      <label
        class="msg label"
        data-tooltip="expand"
      >
        Selection
      </label>
    </div>
    <div
      class="msg container menuItem nohover submenu"
      id="viewMenu"
      style="flex-direction: row;"
    >
      <label
        class="msg label"
        data-tooltip="expand"
      >
        View
      </label>
    </div>
    <div
      class="msg container menuItem nohover submenu"
      id="goMenu"
      style="flex-direction: row;"
    >
      <label
        class="msg label"
        data-tooltip="expand"
      >
        Go
      </label>
    </div>
  </div>
</div>
`;

exports[`Menu component tests > Test menu callbacks 1`] = `<div />`;
