// Jest Snapshot v1, https://goo.gl/fbAQLP

exports[`Search component tests Test Search output (snapshot) 1`] = `
<Search>
  <Container
    className="searchContainer"
    orientation="row"
  >
    <div
      className="msg container fixedScrollbar searchContainer"
      style={
        Object {
          "alignItems": undefined,
          "flexDirection": "row",
          "flexWrap": undefined,
          "justifyContent": undefined,
        }
      }
    >
      <Input
        className="msg search"
        id="search"
        onChange={[Function]}
        onConfirm={[Function]}
        placeholder="Search"
        spellCheck={true}
      >
        <input
          className="msg input search"
          id="search"
          onKeyDown={[Function]}
          oninput={[Function]}
          placeholder="Search"
          spellCheck={true}
          style={
            Object {
              "textAlign": undefined,
            }
          }
          type="text"
        />
      </Input>
    </div>
  </Container>
</Search>
`;
