// Jest Snapshot v1, https://goo.gl/fbAQLP

exports[`Result tabview tests Result tabview (Snapshot) 1 1`] = `
Object {
  "asFragment": [Function],
  "baseElement": <body
    theme="dark"
  >
    <div>
      <div
        __self="[object Object]"
        __source="[object Object]"
        class="msg container fixedScrollbar resultHost"
        style="flex-direction: column;"
      >
        <div
          __self="[object Object]"
          __source="[object Object]"
          class="msg container fixedScrollbar tabview top resultTabview"
          style="flex-direction: column;"
        >
          <div
            __self="[object Object]"
            __source="[object Object]"
            class="msg container fixedScrollbar selector horizontal tabArea"
            style="flex-direction: row;"
          >
            <div
              __self="[object Object]"
              __source="[object Object]"
              class="msg container fixedScrollbar selectorItem stepDown"
              id="selectorItemstepDown"
              style="flex-direction: row; justify-content: center; align-items: center; display: none;"
            />
            <div
              __self="[object Object]"
              __source="[object Object]"
              class="msg container fixedScrollbar selectorItem selected normal"
              id="123"
              style="flex-direction: row; justify-content: center; align-items: center;"
            >
              <label
                __self="[object Object]"
                __source="[object Object]"
                class="msg label"
                data-tooltip="inherit"
              >
                Result #0
              </label>
            </div>
            <div
              __self="[object Object]"
              __source="[object Object]"
              class="msg container fixedScrollbar selectorItem normal"
              id="456"
              style="flex-direction: row; justify-content: center; align-items: center;"
            >
              <label
                __self="[object Object]"
                __source="[object Object]"
                class="msg label"
                data-tooltip="inherit"
              >
                Result #0
              </label>
            </div>
            <div
              __self="[object Object]"
              __source="[object Object]"
              class="msg container fixedScrollbar selectorItem stepUp"
              id="selectorItemstepUp"
              style="flex-direction: row; justify-content: center; align-items: center; display: none;"
            />
          </div>
          <div
            __self="[object Object]"
            __source="[object Object]"
            class="msg container fixedScrollbar content"
            style="flex-direction: column;"
          >
            <div
              __self="[object Object]"
              __source="[object Object]"
              class="msg container fixedScrollbar resultView"
              resultset="[object Object]"
              style="flex-direction: column;"
            >
              <div
                __self="[object Object]"
                __source="[object Object]"
                class="msg treeGrid horizontalGrid verticalGrid"
                style="font-size: 10pt;"
              />
            </div>
          </div>
        </div>
      </div>
    </div>
  </body>,
  "container": <div>
    <div
      __self="[object Object]"
      __source="[object Object]"
      class="msg container fixedScrollbar resultHost"
      style="flex-direction: column;"
    >
      <div
        __self="[object Object]"
        __source="[object Object]"
        class="msg container fixedScrollbar tabview top resultTabview"
        style="flex-direction: column;"
      >
        <div
          __self="[object Object]"
          __source="[object Object]"
          class="msg container fixedScrollbar selector horizontal tabArea"
          style="flex-direction: row;"
        >
          <div
            __self="[object Object]"
            __source="[object Object]"
            class="msg container fixedScrollbar selectorItem stepDown"
            id="selectorItemstepDown"
            style="flex-direction: row; justify-content: center; align-items: center; display: none;"
          />
          <div
            __self="[object Object]"
            __source="[object Object]"
            class="msg container fixedScrollbar selectorItem selected normal"
            id="123"
            style="flex-direction: row; justify-content: center; align-items: center;"
          >
            <label
              __self="[object Object]"
              __source="[object Object]"
              class="msg label"
              data-tooltip="inherit"
            >
              Result #0
            </label>
          </div>
          <div
            __self="[object Object]"
            __source="[object Object]"
            class="msg container fixedScrollbar selectorItem normal"
            id="456"
            style="flex-direction: row; justify-content: center; align-items: center;"
          >
            <label
              __self="[object Object]"
              __source="[object Object]"
              class="msg label"
              data-tooltip="inherit"
            >
              Result #0
            </label>
          </div>
          <div
            __self="[object Object]"
            __source="[object Object]"
            class="msg container fixedScrollbar selectorItem stepUp"
            id="selectorItemstepUp"
            style="flex-direction: row; justify-content: center; align-items: center; display: none;"
          />
        </div>
        <div
          __self="[object Object]"
          __source="[object Object]"
          class="msg container fixedScrollbar content"
          style="flex-direction: column;"
        >
          <div
            __self="[object Object]"
            __source="[object Object]"
            class="msg container fixedScrollbar resultView"
            resultset="[object Object]"
            style="flex-direction: column;"
          >
            <div
              __self="[object Object]"
              __source="[object Object]"
              class="msg treeGrid horizontalGrid verticalGrid"
              style="font-size: 10pt;"
            />
          </div>
        </div>
      </div>
    </div>
  </div>,
  "debug": [Function],
  "findAllByAltText": [Function],
  "findAllByDisplayValue": [Function],
  "findAllByLabelText": [Function],
  "findAllByPlaceholderText": [Function],
  "findAllByRole": [Function],
  "findAllByTestId": [Function],
  "findAllByText": [Function],
  "findAllByTitle": [Function],
  "findByAltText": [Function],
  "findByDisplayValue": [Function],
  "findByLabelText": [Function],
  "findByPlaceholderText": [Function],
  "findByRole": [Function],
  "findByTestId": [Function],
  "findByText": [Function],
  "findByTitle": [Function],
  "getAllByAltText": [Function],
  "getAllByDisplayValue": [Function],
  "getAllByLabelText": [Function],
  "getAllByPlaceholderText": [Function],
  "getAllByRole": [Function],
  "getAllByTestId": [Function],
  "getAllByText": [Function],
  "getAllByTitle": [Function],
  "getByAltText": [Function],
  "getByDisplayValue": [Function],
  "getByLabelText": [Function],
  "getByPlaceholderText": [Function],
  "getByRole": [Function],
  "getByTestId": [Function],
  "getByText": [Function],
  "getByTitle": [Function],
  "queryAllByAltText": [Function],
  "queryAllByDisplayValue": [Function],
  "queryAllByLabelText": [Function],
  "queryAllByPlaceholderText": [Function],
  "queryAllByRole": [Function],
  "queryAllByTestId": [Function],
  "queryAllByText": [Function],
  "queryAllByTitle": [Function],
  "queryByAltText": [Function],
  "queryByDisplayValue": [Function],
  "queryByLabelText": [Function],
  "queryByPlaceholderText": [Function],
  "queryByRole": [Function],
  "queryByTestId": [Function],
  "queryByText": [Function],
  "queryByTitle": [Function],
  "rerender": [Function],
  "unmount": [Function],
}
`;
