// Vitest Snapshot v1, https://vitest.dev/guide/snapshot.html

exports[`Result Status Tests > Default Rendering 1`] = `
<div>
  <div
    class="msg container fixedScrollbar resultStatus containsMessage"
    style="flex-direction: row;"
  >
    <div
      class="msg message info"
    >
      Lorem ipsum
    </div>
  </div>
</div>
`;
