// Jest Snapshot v1, https://goo.gl/fbAQLP

exports[`DBEditor module tests Test DBEditorModule instantiation 1`] = `
<DBEditorModule
  innerRef={
    Object {
      "current": Object {},
    }
  }
>
  <Tabview
    canReorderTabs={true}
    className="dbModuleTabview moduleHost"
    hideSingleTab={false}
    innerRef={
      Object {
        "current": Object {},
      }
    }
    onSelectTab={[Function]}
    pages={
      Array [
        Object {
          "caption": "Open Connection",
          "content": <y>
            <ProgressIndicator
              backgroundOpacity={0.95}
              id="loadingProgressIndicator"
              linear={false}
            />
            <Label
              as="h4"
              caption=""
              id="progressMessageId"
            />
          </y>,
          "icon": "connections.svg",
          "id": "progress",
        },
      ]
    }
    selectedId="progress"
    showTabs={true}
    stretchTabs={false}
    tabPosition="top"
  >
    <Container
      className="msg tabview top dbModuleTabview moduleHost"
      innerRef={
        Object {
          "current": Object {},
        }
      }
      orientation="column"
      style={
        Object {
          "--content-separator-width": "0px",
          "--tabItem-border-width": "0px",
        }
      }
    >
      <div
        className="msg container fixedScrollbar tabview top dbModuleTabview moduleHost"
        style={
          Object {
            "--content-separator-width": "0px",
            "--tabItem-border-width": "0px",
            "alignItems": undefined,
            "flexDirection": "column",
            "flexWrap": undefined,
            "justifyContent": undefined,
          }
        }
      >
        <Selector
          activeItemId="progress"
          className="tabArea"
          entryOrientation="row"
          items={
            Array [
              Object {
                "auxillary": undefined,
                "canReorder": true,
                "caption": "Open Connection",
                "icon": "connections.svg",
                "id": "progress",
                "tooltip": undefined,
              },
            ]
          }
          onDrop={[Function]}
          onSelect={[Function]}
          orientation="row"
          smoothScroll={false}
          wrapNavigation={false}
        >
          <Container
            className="msg selector horizontal tabArea"
            innerRef={
              Object {
                "current": Object {
                  "l": Object {
                    "dragenterfalse": [Function],
                    "dragleavefalse": [Function],
                    "dragoverfalse": [Function],
                    "dragstartfalse": [Function],
                    "dropfalse": [Function],
                  },
                },
              }
            }
            onDragEnter={[Function]}
            onDragLeave={[Function]}
            onDragOver={[Function]}
            onDragStart={[Function]}
            onDrop={[Function]}
            onResize={[Function]}
            orientation="row"
          >
            <div
              className="msg container fixedScrollbar selector horizontal tabArea"
              onDragEnter={[Function]}
              onDragLeave={[Function]}
              onDragOver={[Function]}
              onDragStart={[Function]}
              onDrop={[Function]}
              style={
                Object {
                  "alignItems": undefined,
                  "flexDirection": "row",
                  "flexWrap": undefined,
                  "justifyContent": undefined,
                }
              }
            >
              <SelectorItem
                disabled={false}
                id="selectorItemstepDown"
                innerRef={
                  Object {
                    "current": Object {
                      "l": Object {
                        "clickfalse": [Function],
                      },
                    },
                  }
                }
                onClick={[Function]}
                orientation="row"
                type="stepDown"
              >
                <Container
                  className="msg selectorItem stepDown"
                  crossAlignment="center"
                  id="selectorItemstepDown"
                  innerRef={
                    Object {
                      "current": Object {
                        "l": Object {
                          "clickfalse": [Function],
                        },
                      },
                    }
                  }
                  mainAlignment="center"
                  onClick={[Function]}
                  orientation="row"
                >
                  <div
                    className="msg container fixedScrollbar selectorItem stepDown"
                    id="selectorItemstepDown"
                    onClick={[Function]}
                    style={
                      Object {
                        "alignItems": "center",
                        "flexDirection": "row",
                        "flexWrap": undefined,
                        "justifyContent": "center",
                      }
                    }
                  />
                </Container>
              </SelectorItem>
              <SelectorItem
                caption="Open Connection"
                disabled={false}
                draggable={true}
                id="progress"
                image="connections.svg"
                innerRef={
                  Object {
                    "current": Object {
                      "l": Object {
                        "clickfalse": [Function],
                        "dragenterfalse": [Function],
                        "dragleavefalse": [Function],
                        "dragoverfalse": [Function],
                        "dragstartfalse": [Function],
                        "dropfalse": [Function],
                      },
                    },
                  }
                }
                key="progress"
                onClick={[Function]}
                onDrop={[Function]}
                orientation="row"
                selected={true}
                type="normal"
              >
                <Container
                  className="msg selectorItem selected normal"
                  crossAlignment="center"
                  draggable={true}
                  id="progress"
                  innerRef={
                    Object {
                      "current": Object {
                        "l": Object {
                          "clickfalse": [Function],
                          "dragenterfalse": [Function],
                          "dragleavefalse": [Function],
                          "dragoverfalse": [Function],
                          "dragstartfalse": [Function],
                          "dropfalse": [Function],
                        },
                      },
                    }
                  }
                  mainAlignment="center"
                  onClick={[Function]}
                  onDragEnter={[Function]}
                  onDragLeave={[Function]}
                  onDragOver={[Function]}
                  onDragStart={[Function]}
                  onDrop={[Function]}
                  orientation="row"
                >
                  <div
                    className="msg container fixedScrollbar selectorItem selected normal"
                    draggable={true}
                    id="progress"
                    onClick={[Function]}
                    onDragEnter={[Function]}
                    onDragLeave={[Function]}
                    onDragOver={[Function]}
                    onDragStart={[Function]}
                    onDrop={[Function]}
                    style={
                      Object {
                        "alignItems": "center",
                        "flexDirection": "row",
                        "flexWrap": undefined,
                        "justifyContent": "center",
                      }
                    }
                  >
                    <Icon
                      data-tooltip="inherit"
                      disabled={false}
                      src="connections.svg"
                    >
                      <div
                        className="msg icon"
                        data-tooltip="inherit"
                        style={
                          Object {
                            "WebkitMaskImage": "url(connections.svg)",
                            "backgroundColor": undefined,
                            "height": undefined,
                            "maskImage": "url(connections.svg)",
                            "width": undefined,
                          }
                        }
                      />
                    </Icon>
                    <Label
                      data-tooltip="inherit"
                    >
                      <label
                        className="msg label"
                        data-tooltip="inherit"
                        style={
                          Object {
                            "textAlign": undefined,
                          }
                        }
                      >
                        Open Connection
                      </label>
                    </Label>
                  </div>
                </Container>
              </SelectorItem>
              <SelectorItem
                disabled={false}
                id="selectorItemstepUp"
                innerRef={
                  Object {
                    "current": Object {
                      "l": Object {
                        "clickfalse": [Function],
                      },
                    },
                  }
                }
                onClick={[Function]}
                orientation="row"
                type="stepUp"
              >
                <Container
                  className="msg selectorItem stepUp"
                  crossAlignment="center"
                  id="selectorItemstepUp"
                  innerRef={
                    Object {
                      "current": Object {
                        "l": Object {
                          "clickfalse": [Function],
                        },
                      },
                    }
                  }
                  mainAlignment="center"
                  onClick={[Function]}
                  orientation="row"
                >
                  <div
                    className="msg container fixedScrollbar selectorItem stepUp"
                    id="selectorItemstepUp"
                    onClick={[Function]}
                    style={
                      Object {
                        "alignItems": "center",
                        "flexDirection": "row",
                        "flexWrap": undefined,
                        "justifyContent": "center",
                      }
                    }
                  />
                </Container>
              </SelectorItem>
            </div>
          </Container>
        </Selector>
        <Container
          className="content"
          innerRef={
            Object {
              "current": Object {
                "l": Object {
                  "dragenterfalse": [Function],
                  "dragleavefalse": [Function],
                  "dragoverfalse": [Function],
                  "dropfalse": [Function],
                },
              },
            }
          }
          onDragEnter={[Function]}
          onDragLeave={[Function]}
          onDragOver={[Function]}
          onDrop={[Function]}
          orientation="column"
        >
          <div
            className="msg container fixedScrollbar content"
            onDragEnter={[Function]}
            onDragLeave={[Function]}
            onDragOver={[Function]}
            onDrop={[Function]}
            style={
              Object {
                "alignItems": undefined,
                "flexDirection": "column",
                "flexWrap": undefined,
                "justifyContent": undefined,
              }
            }
          >
            <ProgressIndicator
              backgroundOpacity={0.95}
              id="loadingProgressIndicator"
              linear={false}
            >
              <Container
                className="msg progressIndicatorHost"
                crossAlignment="center"
                id="loadingProgressIndicator"
                mainAlignment="center"
                orientation="column"
                style={
                  Object {
                    "--height": 80,
                    "--position": 0,
                    "--strokeWidth": 5,
                    "--width": 80,
                    "opacity": 0.95,
                  }
                }
              >
                <div
                  className="msg container fixedScrollbar progressIndicatorHost"
                  id="loadingProgressIndicator"
                  style={
                    Object {
                      "--height": 80,
                      "--position": 0,
                      "--strokeWidth": 5,
                      "--width": 80,
                      "alignItems": "center",
                      "flexDirection": "column",
                      "flexWrap": undefined,
                      "justifyContent": "center",
                      "opacity": 0.95,
                    }
                  }
                >
                  <svg
                    className="circleBackground animated"
                  >
                    <circle
                      cx={37.5}
                      cy={37.5}
                      r={35}
                    />
                    <circle
                      cx={37.5}
                      cy={37.5}
                      r={35}
                    />
                  </svg>
                </div>
              </Container>
            </ProgressIndicator>
            <Label
              as="h4"
              caption=""
              id="progressMessageId"
            >
              <h4
                className="msg label"
                data-tooltip="expand"
                id="progressMessageId"
                style={
                  Object {
                    "textAlign": undefined,
                  }
                }
              />
            </Label>
          </div>
        </Container>
      </div>
    </Container>
  </Tabview>
</DBEditorModule>
`;
