// Jest Snapshot v1, https://goo.gl/fbAQLP

exports[`ScopeSelector testing Snapshot and properties 1`] = `
<ScopeSelector
  customScopes={
    [
      "sit",
      "amet",
      "consectetur",
      "adipisci",
    ]
  }
  defaultScopes={
    [
      "lorem",
      "ipsum",
      "dolor",
    ]
  }
>
  <Popup
    className="scopeSelector"
    orientation="column"
    pinned={false}
    placement="right"
    showArrow={true}
  >
    <Portal
      onClose={[Function]}
      onOpen={[Function]}
    />
  </Popup>
</ScopeSelector>
`;
