// Jest Snapshot v1, https://goo.gl/fbAQLP

exports[`Shell tab tests Connection tests Test ShellModule instantiation 1`] = `
<Container
  id="shellEditorHost"
  mainAlignment="stretch"
  orientation="column"
>
  <DBEditorToolbar
    documentState={[]}
    heatWaveEnabled={false}
    language="msg"
    toolbarItems={
      {
        "auxiliary": [],
        "editor": [],
        "execution": [],
        "navigation": [],
      }
    }
  />
  <ShellPrompt
    getSchemas={[Function]}
    id="shellPrompt"
    onSelectSchema={[Function]}
    values={
      {
        "backend": {
          "execute": [Function],
        },
        "dataModelEntry": {},
        "serverEdition": "foo",
        "serverVersion": 0,
        "sqlMode": "bar",
        "state": {
          "model": {
            "getVersionId": [Function],
          },
        },
      }
    }
  />
  <ShellConsole
    editorState={
      {
        "model": {
          "getVersionId": [Function],
        },
      }
    }
    id="shellEditor"
    onScriptExecution={[Function]}
  />
</Container>
`;
